ViewProducts.tsx:24 Encountered two children with the same key, `69da8591b9575e1afc3df413`. Keys should be unique so that components maintain their identity across updates. Non-unique keys may cause children to be duplicated and/or omitted — the behavior is unsupported and could change in a future version.
(anonymous) @ react-dom_client.js?v=decdf4f5:3712
runWithFiberInDEV @ react-dom_client.js?v=decdf4f5:850
warnOnInvalidKey @ react-dom_client.js?v=decdf4f5:3711
reconcileChildrenArray @ react-dom_client.js?v=decdf4f5:3736
reconcileChildFibersImpl @ react-dom_client.js?v=decdf4f5:3841
(anonymous) @ react-dom_client.js?v=decdf4f5:3868
reconcileChildren @ react-dom_client.js?v=decdf4f5:5385
beginWork @ react-dom_client.js?v=decdf4f5:6199
runWithFiberInDEV @ react-dom_client.js?v=decdf4f5:850
performUnitOfWork @ react-dom_client.js?v=decdf4f5:8428
workLoopSync @ react-dom_client.js?v=decdf4f5:8324
renderRootSync @ react-dom_client.js?v=decdf4f5:8308
performWorkOnRoot @ react-dom_client.js?v=decdf4f5:7956
performWorkOnRootViaSchedulerTask @ react-dom_client.js?v=decdf4f5:9058
performWorkUntilDeadline @ react-dom_client.js?v=decdf4f5:35
<Link>
exports.jsxDEV @ react_jsx-dev-runtime.js?v=decdf4f5:192
(anonymous) @ ViewProducts.tsx:24
(anonymous) @ ViewProducts.tsx:23
react_stack_bottom_frame @ react-dom_client.js?v=decdf4f5:12867
renderWithHooksAgain @ react-dom_client.js?v=decdf4f5:4267
renderWithHooks @ react-dom_client.js?v=decdf4f5:4218
updateFunctionComponent @ react-dom_client.js?v=decdf4f5:5568
beginWork @ react-dom_client.js?v=decdf4f5:6139
runWithFiberInDEV @ react-dom_client.js?v=decdf4f5:850
performUnitOfWork @ react-dom_client.js?v=decdf4f5:8428
workLoopSync @ react-dom_client.js?v=decdf4f5:8324
renderRootSync @ react-dom_client.js?v=decdf4f5:8308
performWorkOnRoot @ react-dom_client.js?v=decdf4f5:7956
performWorkOnRootViaSchedulerTask @ react-dom_client.js?v=decdf4f5:9058
performWorkUntilDeadline @ react-dom_client.js?v=decdf4f5:35
<...>
exports.jsxDEV @ react_jsx-dev-runtime.js?v=decdf4f5:192
(anonymous) @ main.tsx:28
ViewProducts.tsx:24 Encountered two children with the same key, `69da8591b9575e1afc3df415`. Keys should be unique so that components maintain their identity across updates. Non-unique keys may cause children to be duplicated and/or omitted — the behavior is unsupported and could change in a future version.
(anonymous) @ react-dom_client.js?v=decdf4f5:3712
runWithFiberInDEV @ react-dom_client.js?v=decdf4f5:850
warnOnInvalidKey @ react-dom_client.js?v=decdf4f5:3711
reconcileChildrenArray @ react-dom_client.js?v=decdf4f5:3736
reconcileChildFibersImpl @ react-dom_client.js?v=decdf4f5:3841
(anonymous) @ react-dom_client.js?v=decdf4f5:3868
reconcileChildren @ react-dom_client.js?v=decdf4f5:5385
beginWork @ react-dom_client.js?v=decdf4f5:6199
runWithFiberInDEV @ react-dom_client.js?v=decdf4f5:850
performUnitOfWork @ react-dom_client.js?v=decdf4f5:8428
workLoopSync @ react-dom_client.js?v=decdf4f5:8324
renderRootSync @ react-dom_client.js?v=decdf4f5:8308
performWorkOnRoot @ react-dom_client.js?v=decdf4f5:7956
performWorkOnRootViaSchedulerTask @ react-dom_client.js?v=decdf4f5:9058
performWorkUntilDeadline @ react-dom_client.js?v=decdf4f5:35
<Link>
exports.jsxDEV @ react_jsx-dev-runtime.js?v=decdf4f5:192
(anonymous) @ ViewProducts.tsx:24
(anonymous) @ ViewProducts.tsx:23
react_stack_bottom_frame @ react-dom_client.js?v=decdf4f5:12867
renderWithHooksAgain @ react-dom_client.js?v=decdf4f5:4267
renderWithHooks @ react-dom_client.js?v=decdf4f5:4218
updateFunctionComponent @ react-dom_client.js?v=decdf4f5:5568
beginWork @ react-dom_client.js?v=decdf4f5:6139
runWithFiberInDEV @ react-dom_client.js?v=decdf4f5:850
performUnitOfWork @ react-dom_client.js?v=decdf4f5:8428
workLoopSync @ react-dom_client.js?v=decdf4f5:8324
renderRootSync @ react-dom_client.js?v=decdf4f5:8308
performWorkOnRoot @ react-dom_client.js?v=decdf4f5:7956
performWorkOnRootViaSchedulerTask @ react-dom_client.js?v=decdf4f5:9058
performWorkUntilDeadline @ react-dom_client.js?v=decdf4f5:35
<...>
exports.jsxDEV @ react_jsx-dev-runtime.js?v=decdf4f5:192
(anonymous) @ main.tsx:28
ViewProducts.tsx:24 Encountered two children with the same key, `69da8591b9575e1afc3df417`. Keys should be unique so that components maintain their identity across updates. Non-unique keys may cause children to be duplicated and/or omitted — the behavior is unsupported and could change in a future version.
(anonymous) @ react-dom_client.js?v=decdf4f5:3712
runWithFiberInDEV @ react-dom_client.js?v=decdf4f5:850
warnOnInvalidKey @ react-dom_client.js?v=decdf4f5:3711
reconcileChildrenArray @ react-dom_client.js?v=decdf4f5:3736
reconcileChildFibersImpl @ react-dom_client.js?v=decdf4f5:3841
(anonymous) @ react-dom_client.js?v=decdf4f5:3868
reconcileChildren @ react-dom_client.js?v=decdf4f5:5385
beginWork @ react-dom_client.js?v=decdf4f5:6199
runWithFiberInDEV @ react-dom_client.js?v=decdf4f5:850
performUnitOfWork @ react-dom_client.js?v=decdf4f5:8428
workLoopSync @ react-dom_client.js?v=decdf4f5:8324
renderRootSync @ react-dom_client.js?v=decdf4f5:8308
performWorkOnRoot @ react-dom_client.js?v=decdf4f5:7956
performWorkOnRootViaSchedulerTask @ react-dom_client.js?v=decdf4f5:9058
performWorkUntilDeadline @ react-dom_client.js?v=decdf4f5:35
<Link>
exports.jsxDEV @ react_jsx-dev-runtime.js?v=decdf4f5:192
(anonymous) @ ViewProducts.tsx:24
(anonymous) @ ViewProducts.tsx:23
react_stack_bottom_frame @ react-dom_client.js?v=decdf4f5:12867
renderWithHooksAgain @ react-dom_client.js?v=decdf4f5:4267
renderWithHooks @ react-dom_client.js?v=decdf4f5:4218
updateFunctionComponent @ react-dom_client.js?v=decdf4f5:5568
beginWork @ react-dom_client.js?v=decdf4f5:6139
runWithFiberInDEV @ react-dom_client.js?v=decdf4f5:850
performUnitOfWork @ react-dom_client.js?v=decdf4f5:8428
workLoopSync @ react-dom_client.js?v=decdf4f5:8324
renderRootSync @ react-dom_client.js?v=decdf4f5:8308
performWorkOnRoot @ react-dom_client.js?v=decdf4f5:7956
performWorkOnRootViaSchedulerTask @ react-dom_client.js?v=decdf4f5:9058
performWorkUntilDeadline @ react-dom_client.js?v=decdf4f5:35
<...>
exports.jsxDEV @ react_jsx-dev-runtime.js?v=decdf4f5:192
(anonymous) @ main.tsx:28
ViewProducts.tsx:24 Encountered two children with the same key, `69da8591b9575e1afc3df419`. Keys should be unique so that components maintain their identity across updates. Non-unique keys may cause children to be duplicated and/or omitted — the behavior is unsupported and could change in a future version.
(anonymous) @ react-dom_client.js?v=decdf4f5:3712
runWithFiberInDEV @ react-dom_client.js?v=decdf4f5:850
warnOnInvalidKey @ react-dom_client.js?v=decdf4f5:3711
reconcileChildrenArray @ react-dom_client.js?v=decdf4f5:3736
reconcileChildFibersImpl @ react-dom_client.js?v=decdf4f5:3841
(anonymous) @ react-dom_client.js?v=decdf4f5:3868
reconcileChildren @ react-dom_client.js?v=decdf4f5:5385
beginWork @ react-dom_client.js?v=decdf4f5:6199
runWithFiberInDEV @ react-dom_client.js?v=decdf4f5:850
performUnitOfWork @ react-dom_client.js?v=decdf4f5:8428
workLoopSync @ react-dom_client.js?v=decdf4f5:8324
renderRootSync @ react-dom_client.js?v=decdf4f5:8308
performWorkOnRoot @ react-dom_client.js?v=decdf4f5:7956
performWorkOnRootViaSchedulerTask @ react-dom_client.js?v=decdf4f5:9058
performWorkUntilDeadline @ react-dom_client.js?v=decdf4f5:35
<Link>
exports.jsxDEV @ react_jsx-dev-runtime.js?v=decdf4f5:192
(anonymous) @ ViewProducts.tsx:24
(anonymous) @ ViewProducts.tsx:23
react_stack_bottom_frame @ react-dom_client.js?v=decdf4f5:12867
renderWithHooksAgain @ react-dom_client.js?v=decdf4f5:4267
renderWithHooks @ react-dom_client.js?v=decdf4f5:4218
updateFunctionComponent @ react-dom_client.js?v=decdf4f5:5568
beginWork @ react-dom_client.js?v=decdf4f5:6139
runWithFiberInDEV @ react-dom_client.js?v=decdf4f5:850
performUnitOfWork @ react-dom_client.js?v=decdf4f5:8428
workLoopSync @ react-dom_client.js?v=decdf4f5:8324
renderRootSync @ react-dom_client.js?v=decdf4f5:8308
performWorkOnRoot @ react-dom_client.js?v=decdf4f5:7956
performWorkOnRootViaSchedulerTask @ react-dom_client.js?v=decdf4f5:9058
performWorkUntilDeadline @ react-dom_client.js?v=decdf4f5:35
<...>
exports.jsxDEV @ react_jsx-dev-runtime.js?v=decdf4f5:192
(anonymous) @ main.tsx:28
ViewProducts.tsx:24 Encountered two children with the same key, `69da8591b9575e1afc3df41b`. Keys should be unique so that components maintain their identity across updates. Non-unique keys may cause children to be duplicated and/or omitted — the behavior is unsupported and could change in a future version.
(anonymous) @ react-dom_client.js?v=decdf4f5:3712
runWithFiberInDEV @ react-dom_client.js?v=decdf4f5:850
warnOnInvalidKey @ react-dom_client.js?v=decdf4f5:3711
reconcileChildrenArray @ react-dom_client.js?v=decdf4f5:3736
reconcileChildFibersImpl @ react-dom_client.js?v=decdf4f5:3841
(anonymous) @ react-dom_client.js?v=decdf4f5:3868
reconcileChildren @ react-dom_client.js?v=decdf4f5:5385
beginWork @ react-dom_client.js?v=decdf4f5:6199
runWithFiberInDEV @ react-dom_client.js?v=decdf4f5:850
performUnitOfWork @ react-dom_client.js?v=decdf4f5:8428
workLoopSync @ react-dom_client.js?v=decdf4f5:8324
renderRootSync @ react-dom_client.js?v=decdf4f5:8308
performWorkOnRoot @ react-dom_client.js?v=decdf4f5:7956
performWorkOnRootViaSchedulerTask @ react-dom_client.js?v=decdf4f5:9058
performWorkUntilDeadline @ react-dom_client.js?v=decdf4f5:35
<Link>
exports.jsxDEV @ react_jsx-dev-runtime.js?v=decdf4f5:192
(anonymous) @ ViewProducts.tsx:24
(anonymous) @ ViewProducts.tsx:23
react_stack_bottom_frame @ react-dom_client.js?v=decdf4f5:12867
renderWithHooksAgain @ react-dom_client.js?v=decdf4f5:4267
renderWithHooks @ react-dom_client.js?v=decdf4f5:4218
updateFunctionComponent @ react-dom_client.js?v=decdf4f5:5568
beginWork @ react-dom_client.js?v=decdf4f5:6139
runWithFiberInDEV @ react-dom_client.js?v=decdf4f5:850
performUnitOfWork @ react-dom_client.js?v=decdf4f5:8428
workLoopSync @ react-dom_client.js?v=decdf4f5:8324
renderRootSync @ react-dom_client.js?v=decdf4f5:8308
performWorkOnRoot @ react-dom_client.js?v=decdf4f5:7956
performWorkOnRootViaSchedulerTask @ react-dom_client.js?v=decdf4f5:9058
performWorkUntilDeadline @ react-dom_client.js?v=decdf4f5:35
<...>
exports.jsxDEV @ react_jsx-dev-runtime.js?v=decdf4f5:192
(anonymous) @ main.tsx:28
ViewProducts.tsx:24 Encountered two children with the same key, `69da8591b9575e1afc3df41d`. Keys should be unique so that components maintain their identity across updates. Non-unique keys may cause children to be duplicated and/or omitted — the behavior is unsupported and could change in a future version.
(anonymous) @ react-dom_client.js?v=decdf4f5:3712
runWithFiberInDEV @ react-dom_client.js?v=decdf4f5:850
warnOnInvalidKey @ react-dom_client.js?v=decdf4f5:3711
reconcileChildrenArray @ react-dom_client.js?v=decdf4f5:3736
reconcileChildFibersImpl @ react-dom_client.js?v=decdf4f5:3841
(anonymous) @ react-dom_client.js?v=decdf4f5:3868
reconcileChildren @ react-dom_client.js?v=decdf4f5:5385
beginWork @ react-dom_client.js?v=decdf4f5:6199
runWithFiberInDEV @ react-dom_client.js?v=decdf4f5:850
performUnitOfWork @ react-dom_client.js?v=decdf4f5:8428
workLoopSync @ react-dom_client.js?v=decdf4f5:8324
renderRootSync @ react-dom_client.js?v=decdf4f5:8308
performWorkOnRoot @ react-dom_client.js?v=decdf4f5:7956
performWorkOnRootViaSchedulerTask @ react-dom_client.js?v=decdf4f5:9058
performWorkUntilDeadline @ react-dom_client.js?v=decdf4f5:35
<Link>
exports.jsxDEV @ react_jsx-dev-runtime.js?v=decdf4f5:192
(anonymous) @ ViewProducts.tsx:24
(anonymous) @ ViewProducts.tsx:23
react_stack_bottom_frame @ react-dom_client.js?v=decdf4f5:12867
renderWithHooksAgain @ react-dom_client.js?v=decdf4f5:4267
renderWithHooks @ react-dom_client.js?v=decdf4f5:4218
updateFunctionComponent @ react-dom_client.js?v=decdf4f5:5568
beginWork @ react-dom_client.js?v=decdf4f5:6139
runWithFiberInDEV @ react-dom_client.js?v=decdf4f5:850
performUnitOfWork @ react-dom_client.js?v=decdf4f5:8428
workLoopSync @ react-dom_client.js?v=decdf4f5:8324
renderRootSync @ react-dom_client.js?v=decdf4f5:8308
performWorkOnRoot @ react-dom_client.js?v=decdf4f5:7956
performWorkOnRootViaSchedulerTask @ react-dom_client.js?v=decdf4f5:9058
performWorkUntilDeadline @ react-dom_client.js?v=decdf4f5:35
<...>
exports.jsxDEV @ react_jsx-dev-runtime.js?v=decdf4f5:192
(anonymous) @ main.tsx:28
ViewProducts.tsx:24 Encountered two children with the same key, `69da8591b9575e1afc3df41f`. Keys should be unique so that components maintain their identity across updates. Non-unique keys may cause children to be duplicated and/or omitted — the behavior is unsupported and could change in a future version.
(anonymous) @ react-dom_client.js?v=decdf4f5:3712
runWithFiberInDEV @ react-dom_client.js?v=decdf4f5:850
warnOnInvalidKey @ react-dom_client.js?v=decdf4f5:3711
reconcileChildrenArray @ react-dom_client.js?v=decdf4f5:3736
reconcileChildFibersImpl @ react-dom_client.js?v=decdf4f5:3841
(anonymous) @ react-dom_client.js?v=decdf4f5:3868
reconcileChildren @ react-dom_client.js?v=decdf4f5:5385
beginWork @ react-dom_client.js?v=decdf4f5:6199
runWithFiberInDEV @ react-dom_client.js?v=decdf4f5:850
performUnitOfWork @ react-dom_client.js?v=decdf4f5:8428
workLoopSync @ react-dom_client.js?v=decdf4f5:8324
renderRootSync @ react-dom_client.js?v=decdf4f5:8308
performWorkOnRoot @ react-dom_client.js?v=decdf4f5:7956
performWorkOnRootViaSchedulerTask @ react-dom_client.js?v=decdf4f5:9058
performWorkUntilDeadline @ react-dom_client.js?v=decdf4f5:35
<Link>
exports.jsxDEV @ react_jsx-dev-runtime.js?v=decdf4f5:192
(anonymous) @ ViewProducts.tsx:24
(anonymous) @ ViewProducts.tsx:23
react_stack_bottom_frame @ react-dom_client.js?v=decdf4f5:12867
renderWithHooksAgain @ react-dom_client.js?v=decdf4f5:4267
renderWithHooks @ react-dom_client.js?v=decdf4f5:4218
updateFunctionComponent @ react-dom_client.js?v=decdf4f5:5568
beginWork @ react-dom_client.js?v=decdf4f5:6139
runWithFiberInDEV @ react-dom_client.js?v=decdf4f5:850
performUnitOfWork @ react-dom_client.js?v=decdf4f5:8428
workLoopSync @ react-dom_client.js?v=decdf4f5:8324
renderRootSync @ react-dom_client.js?v=decdf4f5:8308
performWorkOnRoot @ react-dom_client.js?v=decdf4f5:7956
performWorkOnRootViaSchedulerTask @ react-dom_client.js?v=decdf4f5:9058
performWorkUntilDeadline @ react-dom_client.js?v=decdf4f5:35
<...>
exports.jsxDEV @ react_jsx-dev-runtime.js?v=decdf4f5:192
(anonymous) @ main.tsx:28
ViewProducts.tsx:24 Encountered two children with the same key, `69da8591b9575e1afc3df421`. Keys should be unique so that components maintain their identity across updates. Non-unique keys may cause children to be duplicated and/or omitted — the behavior is unsupported and could change in a future version.
(anonymous) @ react-dom_client.js?v=decdf4f5:3712
runWithFiberInDEV @ react-dom_client.js?v=decdf4f5:850
warnOnInvalidKey @ react-dom_client.js?v=decdf4f5:3711
reconcileChildrenArray @ react-dom_client.js?v=decdf4f5:3736
reconcileChildFibersImpl @ react-dom_client.js?v=decdf4f5:3841
(anonymous) @ react-dom_client.js?v=decdf4f5:3868
reconcileChildren @ react-dom_client.js?v=decdf4f5:5385
beginWork @ react-dom_client.js?v=decdf4f5:6199
runWithFiberInDEV @ react-dom_client.js?v=decdf4f5:850
performUnitOfWork @ react-dom_client.js?v=decdf4f5:8428
workLoopSync @ react-dom_client.js?v=decdf4f5:8324
renderRootSync @ react-dom_client.js?v=decdf4f5:8308
performWorkOnRoot @ react-dom_client.js?v=decdf4f5:7956
performWorkOnRootViaSchedulerTask @ react-dom_client.js?v=decdf4f5:9058
performWorkUntilDeadline @ react-dom_client.js?v=decdf4f5:35
<Link>
exports.jsxDEV @ react_jsx-dev-runtime.js?v=decdf4f5:192
(anonymous) @ ViewProducts.tsx:24
(anonymous) @ ViewProducts.tsx:23
react_stack_bottom_frame @ react-dom_client.js?v=decdf4f5:12867
renderWithHooksAgain @ react-dom_client.js?v=decdf4f5:4267
renderWithHooks @ react-dom_client.js?v=decdf4f5:4218
updateFunctionComponent @ react-dom_client.js?v=decdf4f5:5568
beginWork @ react-dom_client.js?v=decdf4f5:6139
runWithFiberInDEV @ react-dom_client.js?v=decdf4f5:850
performUnitOfWork @ react-dom_client.js?v=decdf4f5:8428
workLoopSync @ react-dom_client.js?v=decdf4f5:8324
renderRootSync @ react-dom_client.js?v=decdf4f5:8308
performWorkOnRoot @ react-dom_client.js?v=decdf4f5:7956
performWorkOnRootViaSchedulerTask @ react-dom_client.js?v=decdf4f5:9058
performWorkUntilDeadline @ react-dom_client.js?v=decdf4f5:35
<...>
exports.jsxDEV @ react_jsx-dev-runtime.js?v=decdf4f5:192
(anonymous) @ main.tsx:28
ViewProducts.tsx:24 Encountered two children with the same key, `69da8591b9575e1afc3df423`. Keys should be unique so that components maintain their identity across updates. Non-unique keys may cause children to be duplicated and/or omitted — the behavior is unsupported and could change in a future version.
(anonymous) @ react-dom_client.js?v=decdf4f5:3712
runWithFiberInDEV @ react-dom_client.js?v=decdf4f5:850
warnOnInvalidKey @ react-dom_client.js?v=decdf4f5:3711
reconcileChildrenArray @ react-dom_client.js?v=decdf4f5:3736
reconcileChildFibersImpl @ react-dom_client.js?v=decdf4f5:3841
(anonymous) @ react-dom_client.js?v=decdf4f5:3868
reconcileChildren @ react-dom_client.js?v=decdf4f5:5385
beginWork @ react-dom_client.js?v=decdf4f5:6199
runWithFiberInDEV @ react-dom_client.js?v=decdf4f5:850
performUnitOfWork @ react-dom_client.js?v=decdf4f5:8428
workLoopSync @ react-dom_client.js?v=decdf4f5:8324
renderRootSync @ react-dom_client.js?v=decdf4f5:8308
performWorkOnRoot @ react-dom_client.js?v=decdf4f5:7956
performWorkOnRootViaSchedulerTask @ react-dom_client.js?v=decdf4f5:9058
performWorkUntilDeadline @ react-dom_client.js?v=decdf4f5:35
<Link>
exports.jsxDEV @ react_jsx-dev-runtime.js?v=decdf4f5:192
(anonymous) @ ViewProducts.tsx:24
(anonymous) @ ViewProducts.tsx:23
react_stack_bottom_frame @ react-dom_client.js?v=decdf4f5:12867
renderWithHooksAgain @ react-dom_client.js?v=decdf4f5:4267
renderWithHooks @ react-dom_client.js?v=decdf4f5:4218
updateFunctionComponent @ react-dom_client.js?v=decdf4f5:5568
beginWork @ react-dom_client.js?v=decdf4f5:6139
runWithFiberInDEV @ react-dom_client.js?v=decdf4f5:850
performUnitOfWork @ react-dom_client.js?v=decdf4f5:8428
workLoopSync @ react-dom_client.js?v=decdf4f5:8324
renderRootSync @ react-dom_client.js?v=decdf4f5:8308
performWorkOnRoot @ react-dom_client.js?v=decdf4f5:7956
performWorkOnRootViaSchedulerTask @ react-dom_client.js?v=decdf4f5:9058
performWorkUntilDeadline @ react-dom_client.js?v=decdf4f5:35
<...>
exports.jsxDEV @ react_jsx-dev-runtime.js?v=decdf4f5:192
(anonymous) @ main.tsx:28
ViewProducts.tsx:24 Encountered two children with the same key, `69da8591b9575e1afc3df425`. Keys should be unique so that components maintain their identity across updates. Non-unique keys may cause children to be duplicated and/or omitted — the behavior is unsupported and could change in a future version.
(anonymous) @ react-dom_client.js?v=decdf4f5:3712
runWithFiberInDEV @ react-dom_client.js?v=decdf4f5:850
warnOnInvalidKey @ react-dom_client.js?v=decdf4f5:3711
reconcileChildrenArray @ react-dom_client.js?v=decdf4f5:3736
reconcileChildFibersImpl @ react-dom_client.js?v=decdf4f5:3841
(anonymous) @ react-dom_client.js?v=decdf4f5:3868
reconcileChildren @ react-dom_client.js?v=decdf4f5:5385
beginWork @ react-dom_client.js?v=decdf4f5:6199
runWithFiberInDEV @ react-dom_client.js?v=decdf4f5:850
performUnitOfWork @ react-dom_client.js?v=decdf4f5:8428
workLoopSync @ react-dom_client.js?v=decdf4f5:8324
renderRootSync @ react-dom_client.js?v=decdf4f5:8308
performWorkOnRoot @ react-dom_client.js?v=decdf4f5:7956
performWorkOnRootViaSchedulerTask @ react-dom_client.js?v=decdf4f5:9058
performWorkUntilDeadline @ react-dom_client.js?v=decdf4f5:35
<Link>
exports.jsxDEV @ react_jsx-dev-runtime.js?v=decdf4f5:192
(anonymous) @ ViewProducts.tsx:24
(anonymous) @ ViewProducts.tsx:23
react_stack_bottom_frame @ react-dom_client.js?v=decdf4f5:12867
renderWithHooksAgain @ react-dom_client.js?v=decdf4f5:4267
renderWithHooks @ react-dom_client.js?v=decdf4f5:4218
updateFunctionComponent @ react-dom_client.js?v=decdf4f5:5568
beginWork @ react-dom_client.js?v=decdf4f5:6139
runWithFiberInDEV @ react-dom_client.js?v=decdf4f5:850
performUnitOfWork @ react-dom_client.js?v=decdf4f5:8428
workLoopSync @ react-dom_client.js?v=decdf4f5:8324
renderRootSync @ react-dom_client.js?v=decdf4f5:8308
performWorkOnRoot @ react-dom_client.js?v=decdf4f5:7956
performWorkOnRootViaSchedulerTask @ react-dom_client.js?v=decdf4f5:9058
performWorkUntilDeadline @ react-dom_client.js?v=decdf4f5:35
<...>
exports.jsxDEV @ react_jsx-dev-runtime.js?v=decdf4f5:192
(anonymous) @ main.tsx:28
ViewProducts.tsx:24 Encountered two children with the same key, `69da8591b9575e1afc3df427`. Keys should be unique so that components maintain their identity across updates. Non-unique keys may cause children to be duplicated and/or omitted — the behavior is unsupported and could change in a future version.
(anonymous) @ react-dom_client.js?v=decdf4f5:3712
runWithFiberInDEV @ react-dom_client.js?v=decdf4f5:850
warnOnInvalidKey @ react-dom_client.js?v=decdf4f5:3711
reconcileChildrenArray @ react-dom_client.js?v=decdf4f5:3736
reconcileChildFibersImpl @ react-dom_client.js?v=decdf4f5:3841
(anonymous) @ react-dom_client.js?v=decdf4f5:3868
reconcileChildren @ react-dom_client.js?v=decdf4f5:5385
beginWork @ react-dom_client.js?v=decdf4f5:6199
runWithFiberInDEV @ react-dom_client.js?v=decdf4f5:850
performUnitOfWork @ react-dom_client.js?v=decdf4f5:8428
workLoopSync @ react-dom_client.js?v=decdf4f5:8324
renderRootSync @ react-dom_client.js?v=decdf4f5:8308
performWorkOnRoot @ react-dom_client.js?v=decdf4f5:7956
performWorkOnRootViaSchedulerTask @ react-dom_client.js?v=decdf4f5:9058
performWorkUntilDeadline @ react-dom_client.js?v=decdf4f5:35
<Link>
exports.jsxDEV @ react_jsx-dev-runtime.js?v=decdf4f5:192
(anonymous) @ ViewProducts.tsx:24
(anonymous) @ ViewProducts.tsx:23
react_stack_bottom_frame @ react-dom_client.js?v=decdf4f5:12867
renderWithHooksAgain @ react-dom_client.js?v=decdf4f5:4267
renderWithHooks @ react-dom_client.js?v=decdf4f5:4218
updateFunctionComponent @ react-dom_client.js?v=decdf4f5:5568
beginWork @ react-dom_client.js?v=decdf4f5:6139
runWithFiberInDEV @ react-dom_client.js?v=decdf4f5:850
performUnitOfWork @ react-dom_client.js?v=decdf4f5:8428
workLoopSync @ react-dom_client.js?v=decdf4f5:8324
renderRootSync @ react-dom_client.js?v=decdf4f5:8308
performWorkOnRoot @ react-dom_client.js?v=decdf4f5:7956
performWorkOnRootViaSchedulerTask @ react-dom_client.js?v=decdf4f5:9058
performWorkUntilDeadline @ react-dom_client.js?v=decdf4f5:35
<...>
exports.jsxDEV @ react_jsx-dev-runtime.js?v=decdf4f5:192
(anonymous) @ main.tsx:28
ViewProducts.tsx:24 Encountered two children with the same key, `69da8591b9575e1afc3df429`. Keys should be unique so that components maintain their identity across updates. Non-unique keys may cause children to be duplicated and/or omitted — the behavior is unsupported and could change in a future version.
(anonymous) @ react-dom_client.js?v=decdf4f5:3712
runWithFiberInDEV @ react-dom_client.js?v=decdf4f5:850
warnOnInvalidKey @ react-dom_client.js?v=decdf4f5:3711
reconcileChildrenArray @ react-dom_client.js?v=decdf4f5:3736
reconcileChildFibersImpl @ react-dom_client.js?v=decdf4f5:3841
(anonymous) @ react-dom_client.js?v=decdf4f5:3868
reconcileChildren @ react-dom_client.js?v=decdf4f5:5385
beginWork @ react-dom_client.js?v=decdf4f5:6199
runWithFiberInDEV @ react-dom_client.js?v=decdf4f5:850
performUnitOfWork @ react-dom_client.js?v=decdf4f5:8428
workLoopSync @ react-dom_client.js?v=decdf4f5:8324
renderRootSync @ react-dom_client.js?v=decdf4f5:8308
performWorkOnRoot @ react-dom_client.js?v=decdf4f5:7956
performWorkOnRootViaSchedulerTask @ react-dom_client.js?v=decdf4f5:9058
performWorkUntilDeadline @ react-dom_client.js?v=decdf4f5:35
<Link>
exports.jsxDEV @ react_jsx-dev-runtime.js?v=decdf4f5:192
(anonymous) @ ViewProducts.tsx:24
(anonymous) @ ViewProducts.tsx:23
react_stack_bottom_frame @ react-dom_client.js?v=decdf4f5:12867
renderWithHooksAgain @ react-dom_client.js?v=decdf4f5:4267
renderWithHooks @ react-dom_client.js?v=decdf4f5:4218
updateFunctionComponent @ react-dom_client.js?v=decdf4f5:5568
beginWork @ react-dom_client.js?v=decdf4f5:6139
runWithFiberInDEV @ react-dom_client.js?v=decdf4f5:850
performUnitOfWork @ react-dom_client.js?v=decdf4f5:8428
workLoopSync @ react-dom_client.js?v=decdf4f5:8324
renderRootSync @ react-dom_client.js?v=decdf4f5:8308
performWorkOnRoot @ react-dom_client.js?v=decdf4f5:7956
performWorkOnRootViaSchedulerTask @ react-dom_client.js?v=decdf4f5:9058
performWorkUntilDeadline @ react-dom_client.js?v=decdf4f5:35
<...>
exports.jsxDEV @ react_jsx-dev-runtime.js?v=decdf4f5:192
(anonymous) @ main.tsx:28
ViewProducts.tsx:24 Encountered two children with the same key, `69da8591b9575e1afc3df42b`. Keys should be unique so that components maintain their identity across updates. Non-unique keys may cause children to be duplicated and/or omitted — the behavior is unsupported and could change in a future version.
(anonymous) @ react-dom_client.js?v=decdf4f5:3712
runWithFiberInDEV @ react-dom_client.js?v=decdf4f5:850
warnOnInvalidKey @ react-dom_client.js?v=decdf4f5:3711
reconcileChildrenArray @ react-dom_client.js?v=decdf4f5:3736
reconcileChildFibersImpl @ react-dom_client.js?v=decdf4f5:3841
(anonymous) @ react-dom_client.js?v=decdf4f5:3868
reconcileChildren @ react-dom_client.js?v=decdf4f5:5385
beginWork @ react-dom_client.js?v=decdf4f5:6199
runWithFiberInDEV @ react-dom_client.js?v=decdf4f5:850
performUnitOfWork @ react-dom_client.js?v=decdf4f5:8428
workLoopSync @ react-dom_client.js?v=decdf4f5:8324
renderRootSync @ react-dom_client.js?v=decdf4f5:8308
performWorkOnRoot @ react-dom_client.js?v=decdf4f5:7956
performWorkOnRootViaSchedulerTask @ react-dom_client.js?v=decdf4f5:9058
performWorkUntilDeadline @ react-dom_client.js?v=decdf4f5:35
<Link>
exports.jsxDEV @ react_jsx-dev-runtime.js?v=decdf4f5:192
(anonymous) @ ViewProducts.tsx:24
(anonymous) @ ViewProducts.tsx:23
react_stack_bottom_frame @ react-dom_client.js?v=decdf4f5:12867
renderWithHooksAgain @ react-dom_client.js?v=decdf4f5:4267
renderWithHooks @ react-dom_client.js?v=decdf4f5:4218
updateFunctionComponent @ react-dom_client.js?v=decdf4f5:5568
beginWork @ react-dom_client.js?v=decdf4f5:6139
runWithFiberInDEV @ react-dom_client.js?v=decdf4f5:850
performUnitOfWork @ react-dom_client.js?v=decdf4f5:8428
workLoopSync @ react-dom_client.js?v=decdf4f5:8324
renderRootSync @ react-dom_client.js?v=decdf4f5:8308
performWorkOnRoot @ react-dom_client.js?v=decdf4f5:7956
performWorkOnRootViaSchedulerTask @ react-dom_client.js?v=decdf4f5:9058
performWorkUntilDeadline @ react-dom_client.js?v=decdf4f5:35
<...>
exports.jsxDEV @ react_jsx-dev-runtime.js?v=decdf4f5:192
(anonymous) @ main.tsx:28
ViewProducts.tsx:24 Encountered two children with the same key, `69da8591b9575e1afc3df42d`. Keys should be unique so that components maintain their identity across updates. Non-unique keys may cause children to be duplicated and/or omitted — the behavior is unsupported and could change in a future version.
(anonymous) @ react-dom_client.js?v=decdf4f5:3712
runWithFiberInDEV @ react-dom_client.js?v=decdf4f5:850
warnOnInvalidKey @ react-dom_client.js?v=decdf4f5:3711
reconcileChildrenArray @ react-dom_client.js?v=decdf4f5:3736
reconcileChildFibersImpl @ react-dom_client.js?v=decdf4f5:3841
(anonymous) @ react-dom_client.js?v=decdf4f5:3868
reconcileChildren @ react-dom_client.js?v=decdf4f5:5385
beginWork @ react-dom_client.js?v=decdf4f5:6199
runWithFiberInDEV @ react-dom_client.js?v=decdf4f5:850
performUnitOfWork @ react-dom_client.js?v=decdf4f5:8428
workLoopSync @ react-dom_client.js?v=decdf4f5:8324
renderRootSync @ react-dom_client.js?v=decdf4f5:8308
performWorkOnRoot @ react-dom_client.js?v=decdf4f5:7956
performWorkOnRootViaSchedulerTask @ react-dom_client.js?v=decdf4f5:9058
performWorkUntilDeadline @ react-dom_client.js?v=decdf4f5:35
<Link>
exports.jsxDEV @ react_jsx-dev-runtime.js?v=decdf4f5:192
(anonymous) @ ViewProducts.tsx:24
(anonymous) @ ViewProducts.tsx:23
react_stack_bottom_frame @ react-dom_client.js?v=decdf4f5:12867
renderWithHooksAgain @ react-dom_client.js?v=decdf4f5:4267
renderWithHooks @ react-dom_client.js?v=decdf4f5:4218
updateFunctionComponent @ react-dom_client.js?v=decdf4f5:5568
beginWork @ react-dom_client.js?v=decdf4f5:6139
runWithFiberInDEV @ react-dom_client.js?v=decdf4f5:850
performUnitOfWork @ react-dom_client.js?v=decdf4f5:8428
workLoopSync @ react-dom_client.js?v=decdf4f5:8324
renderRootSync @ react-dom_client.js?v=decdf4f5:8308
performWorkOnRoot @ react-dom_client.js?v=decdf4f5:7956
performWorkOnRootViaSchedulerTask @ react-dom_client.js?v=decdf4f5:9058
performWorkUntilDeadline @ react-dom_client.js?v=decdf4f5:35
<...>
exports.jsxDEV @ react_jsx-dev-runtime.js?v=decdf4f5:192
(anonymous) @ main.tsx:28
ViewProducts.tsx:24 Encountered two children with the same key, `69da8591b9575e1afc3df42f`. Keys should be unique so that components maintain their identity across updates. Non-unique keys may cause children to be duplicated and/or omitted — the behavior is unsupported and could change in a future version.
(anonymous) @ react-dom_client.js?v=decdf4f5:3712
runWithFiberInDEV @ react-dom_client.js?v=decdf4f5:850
warnOnInvalidKey @ react-dom_client.js?v=decdf4f5:3711
reconcileChildrenArray @ react-dom_client.js?v=decdf4f5:3736
reconcileChildFibersImpl @ react-dom_client.js?v=decdf4f5:3841
(anonymous) @ react-dom_client.js?v=decdf4f5:3868
reconcileChildren @ react-dom_client.js?v=decdf4f5:5385
beginWork @ react-dom_client.js?v=decdf4f5:6199
runWithFiberInDEV @ react-dom_client.js?v=decdf4f5:850
performUnitOfWork @ react-dom_client.js?v=decdf4f5:8428
workLoopSync @ react-dom_client.js?v=decdf4f5:8324
renderRootSync @ react-dom_client.js?v=decdf4f5:8308
performWorkOnRoot @ react-dom_client.js?v=decdf4f5:7956
performWorkOnRootViaSchedulerTask @ react-dom_client.js?v=decdf4f5:9058
performWorkUntilDeadline @ react-dom_client.js?v=decdf4f5:35
<Link>
exports.jsxDEV @ react_jsx-dev-runtime.js?v=decdf4f5:192
(anonymous) @ ViewProducts.tsx:24
(anonymous) @ ViewProducts.tsx:23
react_stack_bottom_frame @ react-dom_client.js?v=decdf4f5:12867
renderWithHooksAgain @ react-dom_client.js?v=decdf4f5:4267
renderWithHooks @ react-dom_client.js?v=decdf4f5:4218
updateFunctionComponent @ react-dom_client.js?v=decdf4f5:5568
beginWork @ react-dom_client.js?v=decdf4f5:6139
runWithFiberInDEV @ react-dom_client.js?v=decdf4f5:850
performUnitOfWork @ react-dom_client.js?v=decdf4f5:8428
workLoopSync @ react-dom_client.js?v=decdf4f5:8324
renderRootSync @ react-dom_client.js?v=decdf4f5:8308
performWorkOnRoot @ react-dom_client.js?v=decdf4f5:7956
performWorkOnRootViaSchedulerTask @ react-dom_client.js?v=decdf4f5:9058
performWorkUntilDeadline @ react-dom_client.js?v=decdf4f5:35
<...>
exports.jsxDEV @ react_jsx-dev-runtime.js?v=decdf4f5:192
(anonymous) @ main.tsx:28
ViewProducts.tsx:24 Encountered two children with the same key, `69da8591b9575e1afc3df431`. Keys should be unique so that components maintain their identity across updates. Non-unique keys may cause children to be duplicated and/or omitted — the behavior is unsupported and could change in a future version.
(anonymous) @ react-dom_client.js?v=decdf4f5:3712
runWithFiberInDEV @ react-dom_client.js?v=decdf4f5:850
warnOnInvalidKey @ react-dom_client.js?v=decdf4f5:3711
reconcileChildrenArray @ react-dom_client.js?v=decdf4f5:3736
reconcileChildFibersImpl @ react-dom_client.js?v=decdf4f5:3841
(anonymous) @ react-dom_client.js?v=decdf4f5:3868
reconcileChildren @ react-dom_client.js?v=decdf4f5:5385
beginWork @ react-dom_client.js?v=decdf4f5:6199
runWithFiberInDEV @ react-dom_client.js?v=decdf4f5:850
performUnitOfWork @ react-dom_client.js?v=decdf4f5:8428
workLoopSync @ react-dom_client.js?v=decdf4f5:8324
renderRootSync @ react-dom_client.js?v=decdf4f5:8308
performWorkOnRoot @ react-dom_client.js?v=decdf4f5:7956
performWorkOnRootViaSchedulerTask @ react-dom_client.js?v=decdf4f5:9058
performWorkUntilDeadline @ react-dom_client.js?v=decdf4f5:35
<Link>
exports.jsxDEV @ react_jsx-dev-runtime.js?v=decdf4f5:192
(anonymous) @ ViewProducts.tsx:24
(anonymous) @ ViewProducts.tsx:23
react_stack_bottom_frame @ react-dom_client.js?v=decdf4f5:12867
renderWithHooksAgain @ react-dom_client.js?v=decdf4f5:4267
renderWithHooks @ react-dom_client.js?v=decdf4f5:4218
updateFunctionComponent @ react-dom_client.js?v=decdf4f5:5568
beginWork @ react-dom_client.js?v=decdf4f5:6139
runWithFiberInDEV @ react-dom_client.js?v=decdf4f5:850
performUnitOfWork @ react-dom_client.js?v=decdf4f5:8428
workLoopSync @ react-dom_client.js?v=decdf4f5:8324
renderRootSync @ react-dom_client.js?v=decdf4f5:8308
performWorkOnRoot @ react-dom_client.js?v=decdf4f5:7956
performWorkOnRootViaSchedulerTask @ react-dom_client.js?v=decdf4f5:9058
performWorkUntilDeadline @ react-dom_client.js?v=decdf4f5:35
<...>
exports.jsxDEV @ react_jsx-dev-runtime.js?v=decdf4f5:192
(anonymous) @ main.tsx:28
ViewProducts.tsx:24 Encountered two children with the same key, `69da8591b9575e1afc3df433`. Keys should be unique so that components maintain their identity across updates. Non-unique keys may cause children to be duplicated and/or omitted — the behavior is unsupported and could change in a future version.
(anonymous) @ react-dom_client.js?v=decdf4f5:3712
runWithFiberInDEV @ react-dom_client.js?v=decdf4f5:850
warnOnInvalidKey @ react-dom_client.js?v=decdf4f5:3711
reconcileChildrenArray @ react-dom_client.js?v=decdf4f5:3736
reconcileChildFibersImpl @ react-dom_client.js?v=decdf4f5:3841
(anonymous) @ react-dom_client.js?v=decdf4f5:3868
reconcileChildren @ react-dom_client.js?v=decdf4f5:5385
beginWork @ react-dom_client.js?v=decdf4f5:6199
runWithFiberInDEV @ react-dom_client.js?v=decdf4f5:850
performUnitOfWork @ react-dom_client.js?v=decdf4f5:8428
workLoopSync @ react-dom_client.js?v=decdf4f5:8324
renderRootSync @ react-dom_client.js?v=decdf4f5:8308
performWorkOnRoot @ react-dom_client.js?v=decdf4f5:7956
performWorkOnRootViaSchedulerTask @ react-dom_client.js?v=decdf4f5:9058
performWorkUntilDeadline @ react-dom_client.js?v=decdf4f5:35
<Link>
exports.jsxDEV @ react_jsx-dev-runtime.js?v=decdf4f5:192
(anonymous) @ ViewProducts.tsx:24
(anonymous) @ ViewProducts.tsx:23
react_stack_bottom_frame @ react-dom_client.js?v=decdf4f5:12867
renderWithHooksAgain @ react-dom_client.js?v=decdf4f5:4267
renderWithHooks @ react-dom_client.js?v=decdf4f5:4218
updateFunctionComponent @ react-dom_client.js?v=decdf4f5:5568
beginWork @ react-dom_client.js?v=decdf4f5:6139
runWithFiberInDEV @ react-dom_client.js?v=decdf4f5:850
performUnitOfWork @ react-dom_client.js?v=decdf4f5:8428
workLoopSync @ react-dom_client.js?v=decdf4f5:8324
renderRootSync @ react-dom_client.js?v=decdf4f5:8308
performWorkOnRoot @ react-dom_client.js?v=decdf4f5:7956
performWorkOnRootViaSchedulerTask @ react-dom_client.js?v=decdf4f5:9058
performWorkUntilDeadline @ react-dom_client.js?v=decdf4f5:35
<...>
exports.jsxDEV @ react_jsx-dev-runtime.js?v=decdf4f5:192
(anonymous) @ main.tsx:28
ViewProducts.tsx:24 Encountered two children with the same key, `69da8591b9575e1afc3df435`. Keys should be unique so that components maintain their identity across updates. Non-unique keys may cause children to be duplicated and/or omitted — the behavior is unsupported and could change in a future version.
(anonymous) @ react-dom_client.js?v=decdf4f5:3712
runWithFiberInDEV @ react-dom_client.js?v=decdf4f5:850
warnOnInvalidKey @ react-dom_client.js?v=decdf4f5:3711
reconcileChildrenArray @ react-dom_client.js?v=decdf4f5:3736
reconcileChildFibersImpl @ react-dom_client.js?v=decdf4f5:3841
(anonymous) @ react-dom_client.js?v=decdf4f5:3868
reconcileChildren @ react-dom_client.js?v=decdf4f5:5385
beginWork @ react-dom_client.js?v=decdf4f5:6199
runWithFiberInDEV @ react-dom_client.js?v=decdf4f5:850
performUnitOfWork @ react-dom_client.js?v=decdf4f5:8428
workLoopSync @ react-dom_client.js?v=decdf4f5:8324
renderRootSync @ react-dom_client.js?v=decdf4f5:8308
performWorkOnRoot @ react-dom_client.js?v=decdf4f5:7956
performWorkOnRootViaSchedulerTask @ react-dom_client.js?v=decdf4f5:9058
performWorkUntilDeadline @ react-dom_client.js?v=decdf4f5:35
<Link>
exports.jsxDEV @ react_jsx-dev-runtime.js?v=decdf4f5:192
(anonymous) @ ViewProducts.tsx:24
(anonymous) @ ViewProducts.tsx:23
react_stack_bottom_frame @ react-dom_client.js?v=decdf4f5:12867
renderWithHooksAgain @ react-dom_client.js?v=decdf4f5:4267
renderWithHooks @ react-dom_client.js?v=decdf4f5:4218
updateFunctionComponent @ react-dom_client.js?v=decdf4f5:5568
beginWork @ react-dom_client.js?v=decdf4f5:6139
runWithFiberInDEV @ react-dom_client.js?v=decdf4f5:850
performUnitOfWork @ react-dom_client.js?v=decdf4f5:8428
workLoopSync @ react-dom_client.js?v=decdf4f5:8324
renderRootSync @ react-dom_client.js?v=decdf4f5:8308
performWorkOnRoot @ react-dom_client.js?v=decdf4f5:7956
performWorkOnRootViaSchedulerTask @ react-dom_client.js?v=decdf4f5:9058
performWorkUntilDeadline @ react-dom_client.js?v=decdf4f5:35
<...>
exports.jsxDEV @ react_jsx-dev-runtime.js?v=decdf4f5:192
(anonymous) @ main.tsx:28
ViewProducts.tsx:24 Encountered two children with the same key, `69da8591b9575e1afc3df437`. Keys should be unique so that components maintain their identity across updates. Non-unique keys may cause children to be duplicated and/or omitted — the behavior is unsupported and could change in a future version.
(anonymous) @ react-dom_client.js?v=decdf4f5:3712
runWithFiberInDEV @ react-dom_client.js?v=decdf4f5:850
warnOnInvalidKey @ react-dom_client.js?v=decdf4f5:3711
reconcileChildrenArray @ react-dom_client.js?v=decdf4f5:3736
reconcileChildFibersImpl @ react-dom_client.js?v=decdf4f5:3841
(anonymous) @ react-dom_client.js?v=decdf4f5:3868
reconcileChildren @ react-dom_client.js?v=decdf4f5:5385
beginWork @ react-dom_client.js?v=decdf4f5:6199
runWithFiberInDEV @ react-dom_client.js?v=decdf4f5:850
performUnitOfWork @ react-dom_client.js?v=decdf4f5:8428
workLoopSync @ react-dom_client.js?v=decdf4f5:8324
renderRootSync @ react-dom_client.js?v=decdf4f5:8308
performWorkOnRoot @ react-dom_client.js?v=decdf4f5:7956
performWorkOnRootViaSchedulerTask @ react-dom_client.js?v=decdf4f5:9058
performWorkUntilDeadline @ react-dom_client.js?v=decdf4f5:35
<Link>
exports.jsxDEV @ react_jsx-dev-runtime.js?v=decdf4f5:192
(anonymous) @ ViewProducts.tsx:24
(anonymous) @ ViewProducts.tsx:23
react_stack_bottom_frame @ react-dom_client.js?v=decdf4f5:12867
renderWithHooksAgain @ react-dom_client.js?v=decdf4f5:4267
renderWithHooks @ react-dom_client.js?v=decdf4f5:4218
updateFunctionComponent @ react-dom_client.js?v=decdf4f5:5568
beginWork @ react-dom_client.js?v=decdf4f5:6139
runWithFiberInDEV @ react-dom_client.js?v=decdf4f5:850
performUnitOfWork @ react-dom_client.js?v=decdf4f5:8428
workLoopSync @ react-dom_client.js?v=decdf4f5:8324
renderRootSync @ react-dom_client.js?v=decdf4f5:8308
performWorkOnRoot @ react-dom_client.js?v=decdf4f5:7956
performWorkOnRootViaSchedulerTask @ react-dom_client.js?v=decdf4f5:9058
performWorkUntilDeadline @ react-dom_client.js?v=decdf4f5:35
<...>
exports.jsxDEV @ react_jsx-dev-runtime.js?v=decdf4f5:192
(anonymous) @ main.tsx:28
ViewProducts.tsx:24 Encountered two children with the same key, `69da8591b9575e1afc3df439`. Keys should be unique so that components maintain their identity across updates. Non-unique keys may cause children to be duplicated and/or omitted — the behavior is unsupported and could change in a future version.
(anonymous) @ react-dom_client.js?v=decdf4f5:3712
runWithFiberInDEV @ react-dom_client.js?v=decdf4f5:850
warnOnInvalidKey @ react-dom_client.js?v=decdf4f5:3711
reconcileChildrenArray @ react-dom_client.js?v=decdf4f5:3736
reconcileChildFibersImpl @ react-dom_client.js?v=decdf4f5:3841
(anonymous) @ react-dom_client.js?v=decdf4f5:3868
reconcileChildren @ react-dom_client.js?v=decdf4f5:5385
beginWork @ react-dom_client.js?v=decdf4f5:6199
runWithFiberInDEV @ react-dom_client.js?v=decdf4f5:850
performUnitOfWork @ react-dom_client.js?v=decdf4f5:8428
workLoopSync @ react-dom_client.js?v=decdf4f5:8324
renderRootSync @ react-dom_client.js?v=decdf4f5:8308
performWorkOnRoot @ react-dom_client.js?v=decdf4f5:7956
performWorkOnRootViaSchedulerTask @ react-dom_client.js?v=decdf4f5:9058
performWorkUntilDeadline @ react-dom_client.js?v=decdf4f5:35
<Link>
exports.jsxDEV @ react_jsx-dev-runtime.js?v=decdf4f5:192
(anonymous) @ ViewProducts.tsx:24
(anonymous) @ ViewProducts.tsx:23
react_stack_bottom_frame @ react-dom_client.js?v=decdf4f5:12867
renderWithHooksAgain @ react-dom_client.js?v=decdf4f5:4267
renderWithHooks @ react-dom_client.js?v=decdf4f5:4218
updateFunctionComponent @ react-dom_client.js?v=decdf4f5:5568
beginWork @ react-dom_client.js?v=decdf4f5:6139
runWithFiberInDEV @ react-dom_client.js?v=decdf4f5:850
performUnitOfWork @ react-dom_client.js?v=decdf4f5:8428
workLoopSync @ react-dom_client.js?v=decdf4f5:8324
renderRootSync @ react-dom_client.js?v=decdf4f5:8308
performWorkOnRoot @ react-dom_client.js?v=decdf4f5:7956
performWorkOnRootViaSchedulerTask @ react-dom_client.js?v=decdf4f5:9058
performWorkUntilDeadline @ react-dom_client.js?v=decdf4f5:35
<...>
exports.jsxDEV @ react_jsx-dev-runtime.js?v=decdf4f5:192
(anonymous) @ main.tsx:28
ViewProducts.tsx:24 Encountered two children with the same key, `69da8591b9575e1afc3df43b`. Keys should be unique so that components maintain their identity across updates. Non-unique keys may cause children to be duplicated and/or omitted — the behavior is unsupported and could change in a future version.
(anonymous) @ react-dom_client.js?v=decdf4f5:3712
runWithFiberInDEV @ react-dom_client.js?v=decdf4f5:850
warnOnInvalidKey @ react-dom_client.js?v=decdf4f5:3711
reconcileChildrenArray @ react-dom_client.js?v=decdf4f5:3736
reconcileChildFibersImpl @ react-dom_client.js?v=decdf4f5:3841
(anonymous) @ react-dom_client.js?v=decdf4f5:3868
reconcileChildren @ react-dom_client.js?v=decdf4f5:5385
beginWork @ react-dom_client.js?v=decdf4f5:6199
runWithFiberInDEV @ react-dom_client.js?v=decdf4f5:850
performUnitOfWork @ react-dom_client.js?v=decdf4f5:8428
workLoopSync @ react-dom_client.js?v=decdf4f5:8324
renderRootSync @ react-dom_client.js?v=decdf4f5:8308
performWorkOnRoot @ react-dom_client.js?v=decdf4f5:7956
performWorkOnRootViaSchedulerTask @ react-dom_client.js?v=decdf4f5:9058
performWorkUntilDeadline @ react-dom_client.js?v=decdf4f5:35
<Link>
exports.jsxDEV @ react_jsx-dev-runtime.js?v=decdf4f5:192
(anonymous) @ ViewProducts.tsx:24
(anonymous) @ ViewProducts.tsx:23
react_stack_bottom_frame @ react-dom_client.js?v=decdf4f5:12867
renderWithHooksAgain @ react-dom_client.js?v=decdf4f5:4267
renderWithHooks @ react-dom_client.js?v=decdf4f5:4218
updateFunctionComponent @ react-dom_client.js?v=decdf4f5:5568
beginWork @ react-dom_client.js?v=decdf4f5:6139
runWithFiberInDEV @ react-dom_client.js?v=decdf4f5:850
performUnitOfWork @ react-dom_client.js?v=decdf4f5:8428
workLoopSync @ react-dom_client.js?v=decdf4f5:8324
renderRootSync @ react-dom_client.js?v=decdf4f5:8308
performWorkOnRoot @ react-dom_client.js?v=decdf4f5:7956
performWorkOnRootViaSchedulerTask @ react-dom_client.js?v=decdf4f5:9058
performWorkUntilDeadline @ react-dom_client.js?v=decdf4f5:35
<...>
exports.jsxDEV @ react_jsx-dev-runtime.js?v=decdf4f5:192
(anonymous) @ main.tsx:28
ViewProducts.tsx:24 Encountered two children with the same key, `69da8591b9575e1afc3df43d`. Keys should be unique so that components maintain their identity across updates. Non-unique keys may cause children to be duplicated and/or omitted — the behavior is unsupported and could change in a future version.
(anonymous) @ react-dom_client.js?v=decdf4f5:3712
runWithFiberInDEV @ react-dom_client.js?v=decdf4f5:850
warnOnInvalidKey @ react-dom_client.js?v=decdf4f5:3711
reconcileChildrenArray @ react-dom_client.js?v=decdf4f5:3736
reconcileChildFibersImpl @ react-dom_client.js?v=decdf4f5:3841
(anonymous) @ react-dom_client.js?v=decdf4f5:3868
reconcileChildren @ react-dom_client.js?v=decdf4f5:5385
beginWork @ react-dom_client.js?v=decdf4f5:6199
runWithFiberInDEV @ react-dom_client.js?v=decdf4f5:850
performUnitOfWork @ react-dom_client.js?v=decdf4f5:8428
workLoopSync @ react-dom_client.js?v=decdf4f5:8324
renderRootSync @ react-dom_client.js?v=decdf4f5:8308
performWorkOnRoot @ react-dom_client.js?v=decdf4f5:7956
performWorkOnRootViaSchedulerTask @ react-dom_client.js?v=decdf4f5:9058
performWorkUntilDeadline @ react-dom_client.js?v=decdf4f5:35
<Link>
exports.jsxDEV @ react_jsx-dev-runtime.js?v=decdf4f5:192
(anonymous) @ ViewProducts.tsx:24
(anonymous) @ ViewProducts.tsx:23
react_stack_bottom_frame @ react-dom_client.js?v=decdf4f5:12867
renderWithHooksAgain @ react-dom_client.js?v=decdf4f5:4267
renderWithHooks @ react-dom_client.js?v=decdf4f5:4218
updateFunctionComponent @ react-dom_client.js?v=decdf4f5:5568
beginWork @ react-dom_client.js?v=decdf4f5:6139
runWithFiberInDEV @ react-dom_client.js?v=decdf4f5:850
performUnitOfWork @ react-dom_client.js?v=decdf4f5:8428
workLoopSync @ react-dom_client.js?v=decdf4f5:8324
renderRootSync @ react-dom_client.js?v=decdf4f5:8308
performWorkOnRoot @ react-dom_client.js?v=decdf4f5:7956
performWorkOnRootViaSchedulerTask @ react-dom_client.js?v=decdf4f5:9058
performWorkUntilDeadline @ react-dom_client.js?v=decdf4f5:35
<...>
exports.jsxDEV @ react_jsx-dev-runtime.js?v=decdf4f5:192
(anonymous) @ main.tsx:28
ViewProducts.tsx:24 Encountered two children with the same key, `69da8591b9575e1afc3df43f`. Keys should be unique so that components maintain their identity across updates. Non-unique keys may cause children to be duplicated and/or omitted — the behavior is unsupported and could change in a future version.
(anonymous) @ react-dom_client.js?v=decdf4f5:3712
runWithFiberInDEV @ react-dom_client.js?v=decdf4f5:850
warnOnInvalidKey @ react-dom_client.js?v=decdf4f5:3711
reconcileChildrenArray @ react-dom_client.js?v=decdf4f5:3736
reconcileChildFibersImpl @ react-dom_client.js?v=decdf4f5:3841
(anonymous) @ react-dom_client.js?v=decdf4f5:3868
reconcileChildren @ react-dom_client.js?v=decdf4f5:5385
beginWork @ react-dom_client.js?v=decdf4f5:6199
runWithFiberInDEV @ react-dom_client.js?v=decdf4f5:850
performUnitOfWork @ react-dom_client.js?v=decdf4f5:8428
workLoopSync @ react-dom_client.js?v=decdf4f5:8324
renderRootSync @ react-dom_client.js?v=decdf4f5:8308
performWorkOnRoot @ react-dom_client.js?v=decdf4f5:7956
performWorkOnRootViaSchedulerTask @ react-dom_client.js?v=decdf4f5:9058
performWorkUntilDeadline @ react-dom_client.js?v=decdf4f5:35
<Link>
exports.jsxDEV @ react_jsx-dev-runtime.js?v=decdf4f5:192
(anonymous) @ ViewProducts.tsx:24
(anonymous) @ ViewProducts.tsx:23
react_stack_bottom_frame @ react-dom_client.js?v=decdf4f5:12867
renderWithHooksAgain @ react-dom_client.js?v=decdf4f5:4267
renderWithHooks @ react-dom_client.js?v=decdf4f5:4218
updateFunctionComponent @ react-dom_client.js?v=decdf4f5:5568
beginWork @ react-dom_client.js?v=decdf4f5:6139
runWithFiberInDEV @ react-dom_client.js?v=decdf4f5:850
performUnitOfWork @ react-dom_client.js?v=decdf4f5:8428
workLoopSync @ react-dom_client.js?v=decdf4f5:8324
renderRootSync @ react-dom_client.js?v=decdf4f5:8308
performWorkOnRoot @ react-dom_client.js?v=decdf4f5:7956
performWorkOnRootViaSchedulerTask @ react-dom_client.js?v=decdf4f5:9058
performWorkUntilDeadline @ react-dom_client.js?v=decdf4f5:35
<...>
exports.jsxDEV @ react_jsx-dev-runtime.js?v=decdf4f5:192
(anonymous) @ main.tsx:28
ViewProducts.tsx:24 Encountered two children with the same key, `69da8591b9575e1afc3df441`. Keys should be unique so that components maintain their identity across updates. Non-unique keys may cause children to be duplicated and/or omitted — the behavior is unsupported and could change in a future version.
(anonymous) @ react-dom_client.js?v=decdf4f5:3712
runWithFiberInDEV @ react-dom_client.js?v=decdf4f5:850
warnOnInvalidKey @ react-dom_client.js?v=decdf4f5:3711
reconcileChildrenArray @ react-dom_client.js?v=decdf4f5:3736
reconcileChildFibersImpl @ react-dom_client.js?v=decdf4f5:3841
(anonymous) @ react-dom_client.js?v=decdf4f5:3868
reconcileChildren @ react-dom_client.js?v=decdf4f5:5385
beginWork @ react-dom_client.js?v=decdf4f5:6199
runWithFiberInDEV @ react-dom_client.js?v=decdf4f5:850
performUnitOfWork @ react-dom_client.js?v=decdf4f5:8428
workLoopSync @ react-dom_client.js?v=decdf4f5:8324
renderRootSync @ react-dom_client.js?v=decdf4f5:8308
performWorkOnRoot @ react-dom_client.js?v=decdf4f5:7956
performWorkOnRootViaSchedulerTask @ react-dom_client.js?v=decdf4f5:9058
performWorkUntilDeadline @ react-dom_client.js?v=decdf4f5:35
<Link>
exports.jsxDEV @ react_jsx-dev-runtime.js?v=decdf4f5:192
(anonymous) @ ViewProducts.tsx:24
(anonymous) @ ViewProducts.tsx:23
react_stack_bottom_frame @ react-dom_client.js?v=decdf4f5:12867
renderWithHooksAgain @ react-dom_client.js?v=decdf4f5:4267
renderWithHooks @ react-dom_client.js?v=decdf4f5:4218
updateFunctionComponent @ react-dom_client.js?v=decdf4f5:5568
beginWork @ react-dom_client.js?v=decdf4f5:6139
runWithFiberInDEV @ react-dom_client.js?v=decdf4f5:850
performUnitOfWork @ react-dom_client.js?v=decdf4f5:8428
workLoopSync @ react-dom_client.js?v=decdf4f5:8324
renderRootSync @ react-dom_client.js?v=decdf4f5:8308
performWorkOnRoot @ react-dom_client.js?v=decdf4f5:7956
performWorkOnRootViaSchedulerTask @ react-dom_client.js?v=decdf4f5:9058
performWorkUntilDeadline @ react-dom_client.js?v=decdf4f5:35
<...>
exports.jsxDEV @ react_jsx-dev-runtime.js?v=decdf4f5:192
(anonymous) @ main.tsx:28
ViewProducts.tsx:24 Encountered two children with the same key, `69da8591b9575e1afc3df443`. Keys should be unique so that components maintain their identity across updates. Non-unique keys may cause children to be duplicated and/or omitted — the behavior is unsupported and could change in a future version.
(anonymous) @ react-dom_client.js?v=decdf4f5:3712
runWithFiberInDEV @ react-dom_client.js?v=decdf4f5:850
warnOnInvalidKey @ react-dom_client.js?v=decdf4f5:3711
reconcileChildrenArray @ react-dom_client.js?v=decdf4f5:3736
reconcileChildFibersImpl @ react-dom_client.js?v=decdf4f5:3841
(anonymous) @ react-dom_client.js?v=decdf4f5:3868
reconcileChildren @ react-dom_client.js?v=decdf4f5:5385
beginWork @ react-dom_client.js?v=decdf4f5:6199
runWithFiberInDEV @ react-dom_client.js?v=decdf4f5:850
performUnitOfWork @ react-dom_client.js?v=decdf4f5:8428
workLoopSync @ react-dom_client.js?v=decdf4f5:8324
renderRootSync @ react-dom_client.js?v=decdf4f5:8308
performWorkOnRoot @ react-dom_client.js?v=decdf4f5:7956
performWorkOnRootViaSchedulerTask @ react-dom_client.js?v=decdf4f5:9058
performWorkUntilDeadline @ react-dom_client.js?v=decdf4f5:35
<Link>
exports.jsxDEV @ react_jsx-dev-runtime.js?v=decdf4f5:192
(anonymous) @ ViewProducts.tsx:24
(anonymous) @ ViewProducts.tsx:23
react_stack_bottom_frame @ react-dom_client.js?v=decdf4f5:12867
renderWithHooksAgain @ react-dom_client.js?v=decdf4f5:4267
renderWithHooks @ react-dom_client.js?v=decdf4f5:4218
updateFunctionComponent @ react-dom_client.js?v=decdf4f5:5568
beginWork @ react-dom_client.js?v=decdf4f5:6139
runWithFiberInDEV @ react-dom_client.js?v=decdf4f5:850
performUnitOfWork @ react-dom_client.js?v=decdf4f5:8428
workLoopSync @ react-dom_client.js?v=decdf4f5:8324
renderRootSync @ react-dom_client.js?v=decdf4f5:8308
performWorkOnRoot @ react-dom_client.js?v=decdf4f5:7956
performWorkOnRootViaSchedulerTask @ react-dom_client.js?v=decdf4f5:9058
performWorkUntilDeadline @ react-dom_client.js?v=decdf4f5:35
<...>
exports.jsxDEV @ react_jsx-dev-runtime.js?v=decdf4f5:192
(anonymous) @ main.tsx:28
ViewProducts.tsx:24 Encountered two children with the same key, `69da8591b9575e1afc3df445`. Keys should be unique so that components maintain their identity across updates. Non-unique keys may cause children to be duplicated and/or omitted — the behavior is unsupported and could change in a future version.
(anonymous) @ react-dom_client.js?v=decdf4f5:3712
runWithFiberInDEV @ react-dom_client.js?v=decdf4f5:850
warnOnInvalidKey @ react-dom_client.js?v=decdf4f5:3711
reconcileChildrenArray @ react-dom_client.js?v=decdf4f5:3736
reconcileChildFibersImpl @ react-dom_client.js?v=decdf4f5:3841
(anonymous) @ react-dom_client.js?v=decdf4f5:3868
reconcileChildren @ react-dom_client.js?v=decdf4f5:5385
beginWork @ react-dom_client.js?v=decdf4f5:6199
runWithFiberInDEV @ react-dom_client.js?v=decdf4f5:850
performUnitOfWork @ react-dom_client.js?v=decdf4f5:8428
workLoopSync @ react-dom_client.js?v=decdf4f5:8324
renderRootSync @ react-dom_client.js?v=decdf4f5:8308
performWorkOnRoot @ react-dom_client.js?v=decdf4f5:7956
performWorkOnRootViaSchedulerTask @ react-dom_client.js?v=decdf4f5:9058
performWorkUntilDeadline @ react-dom_client.js?v=decdf4f5:35
<Link>
exports.jsxDEV @ react_jsx-dev-runtime.js?v=decdf4f5:192
(anonymous) @ ViewProducts.tsx:24
(anonymous) @ ViewProducts.tsx:23
react_stack_bottom_frame @ react-dom_client.js?v=decdf4f5:12867
renderWithHooksAgain @ react-dom_client.js?v=decdf4f5:4267
renderWithHooks @ react-dom_client.js?v=decdf4f5:4218
updateFunctionComponent @ react-dom_client.js?v=decdf4f5:5568
beginWork @ react-dom_client.js?v=decdf4f5:6139
runWithFiberInDEV @ react-dom_client.js?v=decdf4f5:850
performUnitOfWork @ react-dom_client.js?v=decdf4f5:8428
workLoopSync @ react-dom_client.js?v=decdf4f5:8324
renderRootSync @ react-dom_client.js?v=decdf4f5:8308
performWorkOnRoot @ react-dom_client.js?v=decdf4f5:7956
performWorkOnRootViaSchedulerTask @ react-dom_client.js?v=decdf4f5:9058
performWorkUntilDeadline @ react-dom_client.js?v=decdf4f5:35
<...>
exports.jsxDEV @ react_jsx-dev-runtime.js?v=decdf4f5:192
(anonymous) @ main.tsx:28
ViewProducts.tsx:24 Encountered two children with the same key, `69da8591b9575e1afc3df447`. Keys should be unique so that components maintain their identity across updates. Non-unique keys may cause children to be duplicated and/or omitted — the behavior is unsupported and could change in a future version.
(anonymous) @ react-dom_client.js?v=decdf4f5:3712
runWithFiberInDEV @ react-dom_client.js?v=decdf4f5:850
warnOnInvalidKey @ react-dom_client.js?v=decdf4f5:3711
reconcileChildrenArray @ react-dom_client.js?v=decdf4f5:3736
reconcileChildFibersImpl @ react-dom_client.js?v=decdf4f5:3841
(anonymous) @ react-dom_client.js?v=decdf4f5:3868
reconcileChildren @ react-dom_client.js?v=decdf4f5:5385
beginWork @ react-dom_client.js?v=decdf4f5:6199
runWithFiberInDEV @ react-dom_client.js?v=decdf4f5:850
performUnitOfWork @ react-dom_client.js?v=decdf4f5:8428
workLoopSync @ react-dom_client.js?v=decdf4f5:8324
renderRootSync @ react-dom_client.js?v=decdf4f5:8308
performWorkOnRoot @ react-dom_client.js?v=decdf4f5:7956
performWorkOnRootViaSchedulerTask @ react-dom_client.js?v=decdf4f5:9058
performWorkUntilDeadline @ react-dom_client.js?v=decdf4f5:35
<Link>
exports.jsxDEV @ react_jsx-dev-runtime.js?v=decdf4f5:192
(anonymous) @ ViewProducts.tsx:24
(anonymous) @ ViewProducts.tsx:23
react_stack_bottom_frame @ react-dom_client.js?v=decdf4f5:12867
renderWithHooksAgain @ react-dom_client.js?v=decdf4f5:4267
renderWithHooks @ react-dom_client.js?v=decdf4f5:4218
updateFunctionComponent @ react-dom_client.js?v=decdf4f5:5568
beginWork @ react-dom_client.js?v=decdf4f5:6139
runWithFiberInDEV @ react-dom_client.js?v=decdf4f5:850
performUnitOfWork @ react-dom_client.js?v=decdf4f5:8428
workLoopSync @ react-dom_client.js?v=decdf4f5:8324
renderRootSync @ react-dom_client.js?v=decdf4f5:8308
performWorkOnRoot @ react-dom_client.js?v=decdf4f5:7956
performWorkOnRootViaSchedulerTask @ react-dom_client.js?v=decdf4f5:9058
performWorkUntilDeadline @ react-dom_client.js?v=decdf4f5:35
<...>
exports.jsxDEV @ react_jsx-dev-runtime.js?v=decdf4f5:192
(anonymous) @ main.tsx:28
ViewProducts.tsx:24 Encountered two children with the same key, `69da8591b9575e1afc3df449`. Keys should be unique so that components maintain their identity across updates. Non-unique keys may cause children to be duplicated and/or omitted — the behavior is unsupported and could change in a future version.
(anonymous) @ react-dom_client.js?v=decdf4f5:3712
runWithFiberInDEV @ react-dom_client.js?v=decdf4f5:850
warnOnInvalidKey @ react-dom_client.js?v=decdf4f5:3711
reconcileChildrenArray @ react-dom_client.js?v=decdf4f5:3736
reconcileChildFibersImpl @ react-dom_client.js?v=decdf4f5:3841
(anonymous) @ react-dom_client.js?v=decdf4f5:3868
reconcileChildren @ react-dom_client.js?v=decdf4f5:5385
beginWork @ react-dom_client.js?v=decdf4f5:6199
runWithFiberInDEV @ react-dom_client.js?v=decdf4f5:850
performUnitOfWork @ react-dom_client.js?v=decdf4f5:8428
workLoopSync @ react-dom_client.js?v=decdf4f5:8324
renderRootSync @ react-dom_client.js?v=decdf4f5:8308
performWorkOnRoot @ react-dom_client.js?v=decdf4f5:7956
performWorkOnRootViaSchedulerTask @ react-dom_client.js?v=decdf4f5:9058
performWorkUntilDeadline @ react-dom_client.js?v=decdf4f5:35
<Link>
exports.jsxDEV @ react_jsx-dev-runtime.js?v=decdf4f5:192
(anonymous) @ ViewProducts.tsx:24
(anonymous) @ ViewProducts.tsx:23
react_stack_bottom_frame @ react-dom_client.js?v=decdf4f5:12867
renderWithHooksAgain @ react-dom_client.js?v=decdf4f5:4267
renderWithHooks @ react-dom_client.js?v=decdf4f5:4218
updateFunctionComponent @ react-dom_client.js?v=decdf4f5:5568
beginWork @ react-dom_client.js?v=decdf4f5:6139
runWithFiberInDEV @ react-dom_client.js?v=decdf4f5:850
performUnitOfWork @ react-dom_client.js?v=decdf4f5:8428
workLoopSync @ react-dom_client.js?v=decdf4f5:8324
renderRootSync @ react-dom_client.js?v=decdf4f5:8308
performWorkOnRoot @ react-dom_client.js?v=decdf4f5:7956
performWorkOnRootViaSchedulerTask @ react-dom_client.js?v=decdf4f5:9058
performWorkUntilDeadline @ react-dom_client.js?v=decdf4f5:35
<...>
exports.jsxDEV @ react_jsx-dev-runtime.js?v=decdf4f5:192
(anonymous) @ main.tsx:28
ViewProducts.tsx:24 Encountered two children with the same key, `69da8591b9575e1afc3df44b`. Keys should be unique so that components maintain their identity across updates. Non-unique keys may cause children to be duplicated and/or omitted — the behavior is unsupported and could change in a future version.
(anonymous) @ react-dom_client.js?v=decdf4f5:3712
runWithFiberInDEV @ react-dom_client.js?v=decdf4f5:850
warnOnInvalidKey @ react-dom_client.js?v=decdf4f5:3711
reconcileChildrenArray @ react-dom_client.js?v=decdf4f5:3736
reconcileChildFibersImpl @ react-dom_client.js?v=decdf4f5:3841
(anonymous) @ react-dom_client.js?v=decdf4f5:3868
reconcileChildren @ react-dom_client.js?v=decdf4f5:5385
beginWork @ react-dom_client.js?v=decdf4f5:6199
runWithFiberInDEV @ react-dom_client.js?v=decdf4f5:850
performUnitOfWork @ react-dom_client.js?v=decdf4f5:8428
workLoopSync @ react-dom_client.js?v=decdf4f5:8324
renderRootSync @ react-dom_client.js?v=decdf4f5:8308
performWorkOnRoot @ react-dom_client.js?v=decdf4f5:7956
performWorkOnRootViaSchedulerTask @ react-dom_client.js?v=decdf4f5:9058
performWorkUntilDeadline @ react-dom_client.js?v=decdf4f5:35
<Link>
exports.jsxDEV @ react_jsx-dev-runtime.js?v=decdf4f5:192
(anonymous) @ ViewProducts.tsx:24
(anonymous) @ ViewProducts.tsx:23
react_stack_bottom_frame @ react-dom_client.js?v=decdf4f5:12867
renderWithHooksAgain @ react-dom_client.js?v=decdf4f5:4267
renderWithHooks @ react-dom_client.js?v=decdf4f5:4218
updateFunctionComponent @ react-dom_client.js?v=decdf4f5:5568
beginWork @ react-dom_client.js?v=decdf4f5:6139
runWithFiberInDEV @ react-dom_client.js?v=decdf4f5:850
performUnitOfWork @ react-dom_client.js?v=decdf4f5:8428
workLoopSync @ react-dom_client.js?v=decdf4f5:8324
renderRootSync @ react-dom_client.js?v=decdf4f5:8308
performWorkOnRoot @ react-dom_client.js?v=decdf4f5:7956
performWorkOnRootViaSchedulerTask @ react-dom_client.js?v=decdf4f5:9058
performWorkUntilDeadline @ react-dom_client.js?v=decdf4f5:35
<...>
exports.jsxDEV @ react_jsx-dev-runtime.js?v=decdf4f5:192
(anonymous) @ main.tsx:28
ViewProducts.tsx:24 Encountered two children with the same key, `69da8591b9575e1afc3df44d`. Keys should be unique so that components maintain their identity across updates. Non-unique keys may cause children to be duplicated and/or omitted — the behavior is unsupported and could change in a future version.
(anonymous) @ react-dom_client.js?v=decdf4f5:3712
runWithFiberInDEV @ react-dom_client.js?v=decdf4f5:850
warnOnInvalidKey @ react-dom_client.js?v=decdf4f5:3711
reconcileChildrenArray @ react-dom_client.js?v=decdf4f5:3736
reconcileChildFibersImpl @ react-dom_client.js?v=decdf4f5:3841
(anonymous) @ react-dom_client.js?v=decdf4f5:3868
reconcileChildren @ react-dom_client.js?v=decdf4f5:5385
beginWork @ react-dom_client.js?v=decdf4f5:6199
runWithFiberInDEV @ react-dom_client.js?v=decdf4f5:850
performUnitOfWork @ react-dom_client.js?v=decdf4f5:8428
workLoopSync @ react-dom_client.js?v=decdf4f5:8324
renderRootSync @ react-dom_client.js?v=decdf4f5:8308
performWorkOnRoot @ react-dom_client.js?v=decdf4f5:7956
performWorkOnRootViaSchedulerTask @ react-dom_client.js?v=decdf4f5:9058
performWorkUntilDeadline @ react-dom_client.js?v=decdf4f5:35
<Link>
exports.jsxDEV @ react_jsx-dev-runtime.js?v=decdf4f5:192
(anonymous) @ ViewProducts.tsx:24
(anonymous) @ ViewProducts.tsx:23
react_stack_bottom_frame @ react-dom_client.js?v=decdf4f5:12867
renderWithHooksAgain @ react-dom_client.js?v=decdf4f5:4267
renderWithHooks @ react-dom_client.js?v=decdf4f5:4218
updateFunctionComponent @ react-dom_client.js?v=decdf4f5:5568
beginWork @ react-dom_client.js?v=decdf4f5:6139
runWithFiberInDEV @ react-dom_client.js?v=decdf4f5:850
performUnitOfWork @ react-dom_client.js?v=decdf4f5:8428
workLoopSync @ react-dom_client.js?v=decdf4f5:8324
renderRootSync @ react-dom_client.js?v=decdf4f5:8308
performWorkOnRoot @ react-dom_client.js?v=decdf4f5:7956
performWorkOnRootViaSchedulerTask @ react-dom_client.js?v=decdf4f5:9058
performWorkUntilDeadline @ react-dom_client.js?v=decdf4f5:35
<...>
exports.jsxDEV @ react_jsx-dev-runtime.js?v=decdf4f5:192
(anonymous) @ main.tsx:28
ViewProducts.tsx:24 Encountered two children with the same key, `69da8591b9575e1afc3df44f`. Keys should be unique so that components maintain their identity across updates. Non-unique keys may cause children to be duplicated and/or omitted — the behavior is unsupported and could change in a future version.
(anonymous) @ react-dom_client.js?v=decdf4f5:3712
runWithFiberInDEV @ react-dom_client.js?v=decdf4f5:850
warnOnInvalidKey @ react-dom_client.js?v=decdf4f5:3711
reconcileChildrenArray @ react-dom_client.js?v=decdf4f5:3736
reconcileChildFibersImpl @ react-dom_client.js?v=decdf4f5:3841
(anonymous) @ react-dom_client.js?v=decdf4f5:3868
reconcileChildren @ react-dom_client.js?v=decdf4f5:5385
beginWork @ react-dom_client.js?v=decdf4f5:6199
runWithFiberInDEV @ react-dom_client.js?v=decdf4f5:850
performUnitOfWork @ react-dom_client.js?v=decdf4f5:8428
workLoopSync @ react-dom_client.js?v=decdf4f5:8324
renderRootSync @ react-dom_client.js?v=decdf4f5:8308
performWorkOnRoot @ react-dom_client.js?v=decdf4f5:7956
performWorkOnRootViaSchedulerTask @ react-dom_client.js?v=decdf4f5:9058
performWorkUntilDeadline @ react-dom_client.js?v=decdf4f5:35
<Link>
exports.jsxDEV @ react_jsx-dev-runtime.js?v=decdf4f5:192
(anonymous) @ ViewProducts.tsx:24
(anonymous) @ ViewProducts.tsx:23
react_stack_bottom_frame @ react-dom_client.js?v=decdf4f5:12867
renderWithHooksAgain @ react-dom_client.js?v=decdf4f5:4267
renderWithHooks @ react-dom_client.js?v=decdf4f5:4218
updateFunctionComponent @ react-dom_client.js?v=decdf4f5:5568
beginWork @ react-dom_client.js?v=decdf4f5:6139
runWithFiberInDEV @ react-dom_client.js?v=decdf4f5:850
performUnitOfWork @ react-dom_client.js?v=decdf4f5:8428
workLoopSync @ react-dom_client.js?v=decdf4f5:8324
renderRootSync @ react-dom_client.js?v=decdf4f5:8308
performWorkOnRoot @ react-dom_client.js?v=decdf4f5:7956
performWorkOnRootViaSchedulerTask @ react-dom_client.js?v=decdf4f5:9058
performWorkUntilDeadline @ react-dom_client.js?v=decdf4f5:35
<...>
exports.jsxDEV @ react_jsx-dev-runtime.js?v=decdf4f5:192
(anonymous) @ main.tsx:28
ViewProducts.tsx:24 Encountered two children with the same key, `69da8591b9575e1afc3df451`. Keys should be unique so that components maintain their identity across updates. Non-unique keys may cause children to be duplicated and/or omitted — the behavior is unsupported and could change in a future version.
(anonymous) @ react-dom_client.js?v=decdf4f5:3712
runWithFiberInDEV @ react-dom_client.js?v=decdf4f5:850
warnOnInvalidKey @ react-dom_client.js?v=decdf4f5:3711
reconcileChildrenArray @ react-dom_client.js?v=decdf4f5:3736
reconcileChildFibersImpl @ react-dom_client.js?v=decdf4f5:3841
(anonymous) @ react-dom_client.js?v=decdf4f5:3868
reconcileChildren @ react-dom_client.js?v=decdf4f5:5385
beginWork @ react-dom_client.js?v=decdf4f5:6199
runWithFiberInDEV @ react-dom_client.js?v=decdf4f5:850
performUnitOfWork @ react-dom_client.js?v=decdf4f5:8428
workLoopSync @ react-dom_client.js?v=decdf4f5:8324
renderRootSync @ react-dom_client.js?v=decdf4f5:8308
performWorkOnRoot @ react-dom_client.js?v=decdf4f5:7956
performWorkOnRootViaSchedulerTask @ react-dom_client.js?v=decdf4f5:9058
performWorkUntilDeadline @ react-dom_client.js?v=decdf4f5:35
<Link>
exports.jsxDEV @ react_jsx-dev-runtime.js?v=decdf4f5:192
(anonymous) @ ViewProducts.tsx:24
(anonymous) @ ViewProducts.tsx:23
react_stack_bottom_frame @ react-dom_client.js?v=decdf4f5:12867
renderWithHooksAgain @ react-dom_client.js?v=decdf4f5:4267
renderWithHooks @ react-dom_client.js?v=decdf4f5:4218
updateFunctionComponent @ react-dom_client.js?v=decdf4f5:5568
beginWork @ react-dom_client.js?v=decdf4f5:6139
runWithFiberInDEV @ react-dom_client.js?v=decdf4f5:850
performUnitOfWork @ react-dom_client.js?v=decdf4f5:8428
workLoopSync @ react-dom_client.js?v=decdf4f5:8324
renderRootSync @ react-dom_client.js?v=decdf4f5:8308
performWorkOnRoot @ react-dom_client.js?v=decdf4f5:7956
performWorkOnRootViaSchedulerTask @ react-dom_client.js?v=decdf4f5:9058
performWorkUntilDeadline @ react-dom_client.js?v=decdf4f5:35
<...>
exports.jsxDEV @ react_jsx-dev-runtime.js?v=decdf4f5:192
(anonymous) @ main.tsx:28
ViewProducts.tsx:24 Encountered two children with the same key, `69da8591b9575e1afc3df453`. Keys should be unique so that components maintain their identity across updates. Non-unique keys may cause children to be duplicated and/or omitted — the behavior is unsupported and could change in a future version.
(anonymous) @ react-dom_client.js?v=decdf4f5:3712
runWithFiberInDEV @ react-dom_client.js?v=decdf4f5:850
warnOnInvalidKey @ react-dom_client.js?v=decdf4f5:3711
reconcileChildrenArray @ react-dom_client.js?v=decdf4f5:3736
reconcileChildFibersImpl @ react-dom_client.js?v=decdf4f5:3841
(anonymous) @ react-dom_client.js?v=decdf4f5:3868
reconcileChildren @ react-dom_client.js?v=decdf4f5:5385
beginWork @ react-dom_client.js?v=decdf4f5:6199
runWithFiberInDEV @ react-dom_client.js?v=decdf4f5:850
performUnitOfWork @ react-dom_client.js?v=decdf4f5:8428
workLoopSync @ react-dom_client.js?v=decdf4f5:8324
renderRootSync @ react-dom_client.js?v=decdf4f5:8308
performWorkOnRoot @ react-dom_client.js?v=decdf4f5:7956
performWorkOnRootViaSchedulerTask @ react-dom_client.js?v=decdf4f5:9058
performWorkUntilDeadline @ react-dom_client.js?v=decdf4f5:35
<Link>
exports.jsxDEV @ react_jsx-dev-runtime.js?v=decdf4f5:192
(anonymous) @ ViewProducts.tsx:24
(anonymous) @ ViewProducts.tsx:23
react_stack_bottom_frame @ react-dom_client.js?v=decdf4f5:12867
renderWithHooksAgain @ react-dom_client.js?v=decdf4f5:4267
renderWithHooks @ react-dom_client.js?v=decdf4f5:4218
updateFunctionComponent @ react-dom_client.js?v=decdf4f5:5568
beginWork @ react-dom_client.js?v=decdf4f5:6139
runWithFiberInDEV @ react-dom_client.js?v=decdf4f5:850
performUnitOfWork @ react-dom_client.js?v=decdf4f5:8428
workLoopSync @ react-dom_client.js?v=decdf4f5:8324
renderRootSync @ react-dom_client.js?v=decdf4f5:8308
performWorkOnRoot @ react-dom_client.js?v=decdf4f5:7956
performWorkOnRootViaSchedulerTask @ react-dom_client.js?v=decdf4f5:9058
performWorkUntilDeadline @ react-dom_client.js?v=decdf4f5:35
<...>
exports.jsxDEV @ react_jsx-dev-runtime.js?v=decdf4f5:192
(anonymous) @ main.tsx:28
ViewProducts.tsx:24 Encountered two children with the same key, `69da8591b9575e1afc3df455`. Keys should be unique so that components maintain their identity across updates. Non-unique keys may cause children to be duplicated and/or omitted — the behavior is unsupported and could change in a future version.
(anonymous) @ react-dom_client.js?v=decdf4f5:3712
runWithFiberInDEV @ react-dom_client.js?v=decdf4f5:850
warnOnInvalidKey @ react-dom_client.js?v=decdf4f5:3711
reconcileChildrenArray @ react-dom_client.js?v=decdf4f5:3736
reconcileChildFibersImpl @ react-dom_client.js?v=decdf4f5:3841
(anonymous) @ react-dom_client.js?v=decdf4f5:3868
reconcileChildren @ react-dom_client.js?v=decdf4f5:5385
beginWork @ react-dom_client.js?v=decdf4f5:6199
runWithFiberInDEV @ react-dom_client.js?v=decdf4f5:850
performUnitOfWork @ react-dom_client.js?v=decdf4f5:8428
workLoopSync @ react-dom_client.js?v=decdf4f5:8324
renderRootSync @ react-dom_client.js?v=decdf4f5:8308
performWorkOnRoot @ react-dom_client.js?v=decdf4f5:7956
performWorkOnRootViaSchedulerTask @ react-dom_client.js?v=decdf4f5:9058
performWorkUntilDeadline @ react-dom_client.js?v=decdf4f5:35
<Link>
exports.jsxDEV @ react_jsx-dev-runtime.js?v=decdf4f5:192
(anonymous) @ ViewProducts.tsx:24
(anonymous) @ ViewProducts.tsx:23
react_stack_bottom_frame @ react-dom_client.js?v=decdf4f5:12867
renderWithHooksAgain @ react-dom_client.js?v=decdf4f5:4267
renderWithHooks @ react-dom_client.js?v=decdf4f5:4218
updateFunctionComponent @ react-dom_client.js?v=decdf4f5:5568
beginWork @ react-dom_client.js?v=decdf4f5:6139
runWithFiberInDEV @ react-dom_client.js?v=decdf4f5:850
performUnitOfWork @ react-dom_client.js?v=decdf4f5:8428
workLoopSync @ react-dom_client.js?v=decdf4f5:8324
renderRootSync @ react-dom_client.js?v=decdf4f5:8308
performWorkOnRoot @ react-dom_client.js?v=decdf4f5:7956
performWorkOnRootViaSchedulerTask @ react-dom_client.js?v=decdf4f5:9058
performWorkUntilDeadline @ react-dom_client.js?v=decdf4f5:35
<...>
exports.jsxDEV @ react_jsx-dev-runtime.js?v=decdf4f5:192
(anonymous) @ main.tsx:28
ViewProducts.tsx:24 Encountered two children with the same key, `69da8591b9575e1afc3df457`. Keys should be unique so that components maintain their identity across updates. Non-unique keys may cause children to be duplicated and/or omitted — the behavior is unsupported and could change in a future version.
(anonymous) @ react-dom_client.js?v=decdf4f5:3712
runWithFiberInDEV @ react-dom_client.js?v=decdf4f5:850
warnOnInvalidKey @ react-dom_client.js?v=decdf4f5:3711
reconcileChildrenArray @ react-dom_client.js?v=decdf4f5:3736
reconcileChildFibersImpl @ react-dom_client.js?v=decdf4f5:3841
(anonymous) @ react-dom_client.js?v=decdf4f5:3868
reconcileChildren @ react-dom_client.js?v=decdf4f5:5385
beginWork @ react-dom_client.js?v=decdf4f5:6199
runWithFiberInDEV @ react-dom_client.js?v=decdf4f5:850
performUnitOfWork @ react-dom_client.js?v=decdf4f5:8428
workLoopSync @ react-dom_client.js?v=decdf4f5:8324
renderRootSync @ react-dom_client.js?v=decdf4f5:8308
performWorkOnRoot @ react-dom_client.js?v=decdf4f5:7956
performWorkOnRootViaSchedulerTask @ react-dom_client.js?v=decdf4f5:9058
performWorkUntilDeadline @ react-dom_client.js?v=decdf4f5:35
<Link>
exports.jsxDEV @ react_jsx-dev-runtime.js?v=decdf4f5:192
(anonymous) @ ViewProducts.tsx:24
(anonymous) @ ViewProducts.tsx:23
react_stack_bottom_frame @ react-dom_client.js?v=decdf4f5:12867
renderWithHooksAgain @ react-dom_client.js?v=decdf4f5:4267
renderWithHooks @ react-dom_client.js?v=decdf4f5:4218
updateFunctionComponent @ react-dom_client.js?v=decdf4f5:5568
beginWork @ react-dom_client.js?v=decdf4f5:6139
runWithFiberInDEV @ react-dom_client.js?v=decdf4f5:850
performUnitOfWork @ react-dom_client.js?v=decdf4f5:8428
workLoopSync @ react-dom_client.js?v=decdf4f5:8324
renderRootSync @ react-dom_client.js?v=decdf4f5:8308
performWorkOnRoot @ react-dom_client.js?v=decdf4f5:7956
performWorkOnRootViaSchedulerTask @ react-dom_client.js?v=decdf4f5:9058
performWorkUntilDeadline @ react-dom_client.js?v=decdf4f5:35
<...>
exports.jsxDEV @ react_jsx-dev-runtime.js?v=decdf4f5:192
(anonymous) @ main.tsx:28
ViewProducts.tsx:24 Encountered two children with the same key, `69da8591b9575e1afc3df459`. Keys should be unique so that components maintain their identity across updates. Non-unique keys may cause children to be duplicated and/or omitted — the behavior is unsupported and could change in a future version.
(anonymous) @ react-dom_client.js?v=decdf4f5:3712
runWithFiberInDEV @ react-dom_client.js?v=decdf4f5:850
warnOnInvalidKey @ react-dom_client.js?v=decdf4f5:3711
reconcileChildrenArray @ react-dom_client.js?v=decdf4f5:3736
reconcileChildFibersImpl @ react-dom_client.js?v=decdf4f5:3841
(anonymous) @ react-dom_client.js?v=decdf4f5:3868
reconcileChildren @ react-dom_client.js?v=decdf4f5:5385
beginWork @ react-dom_client.js?v=decdf4f5:6199
runWithFiberInDEV @ react-dom_client.js?v=decdf4f5:850
performUnitOfWork @ react-dom_client.js?v=decdf4f5:8428
workLoopSync @ react-dom_client.js?v=decdf4f5:8324
renderRootSync @ react-dom_client.js?v=decdf4f5:8308
performWorkOnRoot @ react-dom_client.js?v=decdf4f5:7956
performWorkOnRootViaSchedulerTask @ react-dom_client.js?v=decdf4f5:9058
performWorkUntilDeadline @ react-dom_client.js?v=decdf4f5:35
<Link>
exports.jsxDEV @ react_jsx-dev-runtime.js?v=decdf4f5:192
(anonymous) @ ViewProducts.tsx:24
(anonymous) @ ViewProducts.tsx:23
react_stack_bottom_frame @ react-dom_client.js?v=decdf4f5:12867
renderWithHooksAgain @ react-dom_client.js?v=decdf4f5:4267
renderWithHooks @ react-dom_client.js?v=decdf4f5:4218
updateFunctionComponent @ react-dom_client.js?v=decdf4f5:5568
beginWork @ react-dom_client.js?v=decdf4f5:6139
runWithFiberInDEV @ react-dom_client.js?v=decdf4f5:850
performUnitOfWork @ react-dom_client.js?v=decdf4f5:8428
workLoopSync @ react-dom_client.js?v=decdf4f5:8324
renderRootSync @ react-dom_client.js?v=decdf4f5:8308
performWorkOnRoot @ react-dom_client.js?v=decdf4f5:7956
performWorkOnRootViaSchedulerTask @ react-dom_client.js?v=decdf4f5:9058
performWorkUntilDeadline @ react-dom_client.js?v=decdf4f5:35
<...>
exports.jsxDEV @ react_jsx-dev-runtime.js?v=decdf4f5:192
(anonymous) @ main.tsx:28
ViewProducts.tsx:24 Encountered two children with the same key, `69da8591b9575e1afc3df45b`. Keys should be unique so that components maintain their identity across updates. Non-unique keys may cause children to be duplicated and/or omitted — the behavior is unsupported and could change in a future version.
(anonymous) @ react-dom_client.js?v=decdf4f5:3712
runWithFiberInDEV @ react-dom_client.js?v=decdf4f5:850
warnOnInvalidKey @ react-dom_client.js?v=decdf4f5:3711
reconcileChildrenArray @ react-dom_client.js?v=decdf4f5:3736
reconcileChildFibersImpl @ react-dom_client.js?v=decdf4f5:3841
(anonymous) @ react-dom_client.js?v=decdf4f5:3868
reconcileChildren @ react-dom_client.js?v=decdf4f5:5385
beginWork @ react-dom_client.js?v=decdf4f5:6199
runWithFiberInDEV @ react-dom_client.js?v=decdf4f5:850
performUnitOfWork @ react-dom_client.js?v=decdf4f5:8428
workLoopSync @ react-dom_client.js?v=decdf4f5:8324
renderRootSync @ react-dom_client.js?v=decdf4f5:8308
performWorkOnRoot @ react-dom_client.js?v=decdf4f5:7956
performWorkOnRootViaSchedulerTask @ react-dom_client.js?v=decdf4f5:9058
performWorkUntilDeadline @ react-dom_client.js?v=decdf4f5:35
<Link>
exports.jsxDEV @ react_jsx-dev-runtime.js?v=decdf4f5:192
(anonymous) @ ViewProducts.tsx:24
(anonymous) @ ViewProducts.tsx:23
react_stack_bottom_frame @ react-dom_client.js?v=decdf4f5:12867
renderWithHooksAgain @ react-dom_client.js?v=decdf4f5:4267
renderWithHooks @ react-dom_client.js?v=decdf4f5:4218
updateFunctionComponent @ react-dom_client.js?v=decdf4f5:5568
beginWork @ react-dom_client.js?v=decdf4f5:6139
runWithFiberInDEV @ react-dom_client.js?v=decdf4f5:850
performUnitOfWork @ react-dom_client.js?v=decdf4f5:8428
workLoopSync @ react-dom_client.js?v=decdf4f5:8324
renderRootSync @ react-dom_client.js?v=decdf4f5:8308
performWorkOnRoot @ react-dom_client.js?v=decdf4f5:7956
performWorkOnRootViaSchedulerTask @ react-dom_client.js?v=decdf4f5:9058
performWorkUntilDeadline @ react-dom_client.js?v=decdf4f5:35
<...>
exports.jsxDEV @ react_jsx-dev-runtime.js?v=decdf4f5:192
(anonymous) @ main.tsx:28
ViewProducts.tsx:24 Encountered two children with the same key, `69da8591b9575e1afc3df45d`. Keys should be unique so that components maintain their identity across updates. Non-unique keys may cause children to be duplicated and/or omitted — the behavior is unsupported and could change in a future version.
(anonymous) @ react-dom_client.js?v=decdf4f5:3712
runWithFiberInDEV @ react-dom_client.js?v=decdf4f5:850
warnOnInvalidKey @ react-dom_client.js?v=decdf4f5:3711
reconcileChildrenArray @ react-dom_client.js?v=decdf4f5:3736
reconcileChildFibersImpl @ react-dom_client.js?v=decdf4f5:3841
(anonymous) @ react-dom_client.js?v=decdf4f5:3868
reconcileChildren @ react-dom_client.js?v=decdf4f5:5385
beginWork @ react-dom_client.js?v=decdf4f5:6199
runWithFiberInDEV @ react-dom_client.js?v=decdf4f5:850
performUnitOfWork @ react-dom_client.js?v=decdf4f5:8428
workLoopSync @ react-dom_client.js?v=decdf4f5:8324
renderRootSync @ react-dom_client.js?v=decdf4f5:8308
performWorkOnRoot @ react-dom_client.js?v=decdf4f5:7956
performWorkOnRootViaSchedulerTask @ react-dom_client.js?v=decdf4f5:9058
performWorkUntilDeadline @ react-dom_client.js?v=decdf4f5:35
<Link>
exports.jsxDEV @ react_jsx-dev-runtime.js?v=decdf4f5:192
(anonymous) @ ViewProducts.tsx:24
(anonymous) @ ViewProducts.tsx:23
react_stack_bottom_frame @ react-dom_client.js?v=decdf4f5:12867
renderWithHooksAgain @ react-dom_client.js?v=decdf4f5:4267
renderWithHooks @ react-dom_client.js?v=decdf4f5:4218
updateFunctionComponent @ react-dom_client.js?v=decdf4f5:5568
beginWork @ react-dom_client.js?v=decdf4f5:6139
runWithFiberInDEV @ react-dom_client.js?v=decdf4f5:850
performUnitOfWork @ react-dom_client.js?v=decdf4f5:8428
workLoopSync @ react-dom_client.js?v=decdf4f5:8324
renderRootSync @ react-dom_client.js?v=decdf4f5:8308
performWorkOnRoot @ react-dom_client.js?v=decdf4f5:7956
performWorkOnRootViaSchedulerTask @ react-dom_client.js?v=decdf4f5:9058
performWorkUntilDeadline @ react-dom_client.js?v=decdf4f5:35
<...>
exports.jsxDEV @ react_jsx-dev-runtime.js?v=decdf4f5:192
(anonymous) @ main.tsx:28
ViewProducts.tsx:24 Encountered two children with the same key, `69da8591b9575e1afc3df45f`. Keys should be unique so that components maintain their identity across updates. Non-unique keys may cause children to be duplicated and/or omitted — the behavior is unsupported and could change in a future version.
(anonymous) @ react-dom_client.js?v=decdf4f5:3712
runWithFiberInDEV @ react-dom_client.js?v=decdf4f5:850
warnOnInvalidKey @ react-dom_client.js?v=decdf4f5:3711
reconcileChildrenArray @ react-dom_client.js?v=decdf4f5:3736
reconcileChildFibersImpl @ react-dom_client.js?v=decdf4f5:3841
(anonymous) @ react-dom_client.js?v=decdf4f5:3868
reconcileChildren @ react-dom_client.js?v=decdf4f5:5385
beginWork @ react-dom_client.js?v=decdf4f5:6199
runWithFiberInDEV @ react-dom_client.js?v=decdf4f5:850
performUnitOfWork @ react-dom_client.js?v=decdf4f5:8428
workLoopSync @ react-dom_client.js?v=decdf4f5:8324
renderRootSync @ react-dom_client.js?v=decdf4f5:8308
performWorkOnRoot @ react-dom_client.js?v=decdf4f5:7956
performWorkOnRootViaSchedulerTask @ react-dom_client.js?v=decdf4f5:9058
performWorkUntilDeadline @ react-dom_client.js?v=decdf4f5:35
<Link>
exports.jsxDEV @ react_jsx-dev-runtime.js?v=decdf4f5:192
(anonymous) @ ViewProducts.tsx:24
(anonymous) @ ViewProducts.tsx:23
react_stack_bottom_frame @ react-dom_client.js?v=decdf4f5:12867
renderWithHooksAgain @ react-dom_client.js?v=decdf4f5:4267
renderWithHooks @ react-dom_client.js?v=decdf4f5:4218
updateFunctionComponent @ react-dom_client.js?v=decdf4f5:5568
beginWork @ react-dom_client.js?v=decdf4f5:6139
runWithFiberInDEV @ react-dom_client.js?v=decdf4f5:850
performUnitOfWork @ react-dom_client.js?v=decdf4f5:8428
workLoopSync @ react-dom_client.js?v=decdf4f5:8324
renderRootSync @ react-dom_client.js?v=decdf4f5:8308
performWorkOnRoot @ react-dom_client.js?v=decdf4f5:7956
performWorkOnRootViaSchedulerTask @ react-dom_client.js?v=decdf4f5:9058
performWorkUntilDeadline @ react-dom_client.js?v=decdf4f5:35
<...>
exports.jsxDEV @ react_jsx-dev-runtime.js?v=decdf4f5:192
(anonymous) @ main.tsx:28
ViewProducts.tsx:24 Encountered two children with the same key, `69da8591b9575e1afc3df461`. Keys should be unique so that components maintain their identity across updates. Non-unique keys may cause children to be duplicated and/or omitted — the behavior is unsupported and could change in a future version.
(anonymous) @ react-dom_client.js?v=decdf4f5:3712
runWithFiberInDEV @ react-dom_client.js?v=decdf4f5:850
warnOnInvalidKey @ react-dom_client.js?v=decdf4f5:3711
reconcileChildrenArray @ react-dom_client.js?v=decdf4f5:3736
reconcileChildFibersImpl @ react-dom_client.js?v=decdf4f5:3841
(anonymous) @ react-dom_client.js?v=decdf4f5:3868
reconcileChildren @ react-dom_client.js?v=decdf4f5:5385
beginWork @ react-dom_client.js?v=decdf4f5:6199
runWithFiberInDEV @ react-dom_client.js?v=decdf4f5:850
performUnitOfWork @ react-dom_client.js?v=decdf4f5:8428
workLoopSync @ react-dom_client.js?v=decdf4f5:8324
renderRootSync @ react-dom_client.js?v=decdf4f5:8308
performWorkOnRoot @ react-dom_client.js?v=decdf4f5:7956
performWorkOnRootViaSchedulerTask @ react-dom_client.js?v=decdf4f5:9058
performWorkUntilDeadline @ react-dom_client.js?v=decdf4f5:35
<Link>
exports.jsxDEV @ react_jsx-dev-runtime.js?v=decdf4f5:192
(anonymous) @ ViewProducts.tsx:24
(anonymous) @ ViewProducts.tsx:23
react_stack_bottom_frame @ react-dom_client.js?v=decdf4f5:12867
renderWithHooksAgain @ react-dom_client.js?v=decdf4f5:4267
renderWithHooks @ react-dom_client.js?v=decdf4f5:4218
updateFunctionComponent @ react-dom_client.js?v=decdf4f5:5568
beginWork @ react-dom_client.js?v=decdf4f5:6139
runWithFiberInDEV @ react-dom_client.js?v=decdf4f5:850
performUnitOfWork @ react-dom_client.js?v=decdf4f5:8428
workLoopSync @ react-dom_client.js?v=decdf4f5:8324
renderRootSync @ react-dom_client.js?v=decdf4f5:8308
performWorkOnRoot @ react-dom_client.js?v=decdf4f5:7956
performWorkOnRootViaSchedulerTask @ react-dom_client.js?v=decdf4f5:9058
performWorkUntilDeadline @ react-dom_client.js?v=decdf4f5:35
<...>
exports.jsxDEV @ react_jsx-dev-runtime.js?v=decdf4f5:192
(anonymous) @ main.tsx:28
ViewProducts.tsx:24 Encountered two children with the same key, `69da8591b9575e1afc3df463`. Keys should be unique so that components maintain their identity across updates. Non-unique keys may cause children to be duplicated and/or omitted — the behavior is unsupported and could change in a future version.
(anonymous) @ react-dom_client.js?v=decdf4f5:3712
runWithFiberInDEV @ react-dom_client.js?v=decdf4f5:850
warnOnInvalidKey @ react-dom_client.js?v=decdf4f5:3711
reconcileChildrenArray @ react-dom_client.js?v=decdf4f5:3736
reconcileChildFibersImpl @ react-dom_client.js?v=decdf4f5:3841
(anonymous) @ react-dom_client.js?v=decdf4f5:3868
reconcileChildren @ react-dom_client.js?v=decdf4f5:5385
beginWork @ react-dom_client.js?v=decdf4f5:6199
runWithFiberInDEV @ react-dom_client.js?v=decdf4f5:850
performUnitOfWork @ react-dom_client.js?v=decdf4f5:8428
workLoopSync @ react-dom_client.js?v=decdf4f5:8324
renderRootSync @ react-dom_client.js?v=decdf4f5:8308
performWorkOnRoot @ react-dom_client.js?v=decdf4f5:7956
performWorkOnRootViaSchedulerTask @ react-dom_client.js?v=decdf4f5:9058
performWorkUntilDeadline @ react-dom_client.js?v=decdf4f5:35
<Link>
exports.jsxDEV @ react_jsx-dev-runtime.js?v=decdf4f5:192
(anonymous) @ ViewProducts.tsx:24
(anonymous) @ ViewProducts.tsx:23
react_stack_bottom_frame @ react-dom_client.js?v=decdf4f5:12867
renderWithHooksAgain @ react-dom_client.js?v=decdf4f5:4267
renderWithHooks @ react-dom_client.js?v=decdf4f5:4218
updateFunctionComponent @ react-dom_client.js?v=decdf4f5:5568
beginWork @ react-dom_client.js?v=decdf4f5:6139
runWithFiberInDEV @ react-dom_client.js?v=decdf4f5:850
performUnitOfWork @ react-dom_client.js?v=decdf4f5:8428
workLoopSync @ react-dom_client.js?v=decdf4f5:8324
renderRootSync @ react-dom_client.js?v=decdf4f5:8308
performWorkOnRoot @ react-dom_client.js?v=decdf4f5:7956
performWorkOnRootViaSchedulerTask @ react-dom_client.js?v=decdf4f5:9058
performWorkUntilDeadline @ react-dom_client.js?v=decdf4f5:35
<...>
exports.jsxDEV @ react_jsx-dev-runtime.js?v=decdf4f5:192
(anonymous) @ main.tsx:28
ViewProducts.tsx:24 Encountered two children with the same key, `69da8591b9575e1afc3df465`. Keys should be unique so that components maintain their identity across updates. Non-unique keys may cause children to be duplicated and/or omitted — the behavior is unsupported and could change in a future version.
(anonymous) @ react-dom_client.js?v=decdf4f5:3712
runWithFiberInDEV @ react-dom_client.js?v=decdf4f5:850
warnOnInvalidKey @ react-dom_client.js?v=decdf4f5:3711
reconcileChildrenArray @ react-dom_client.js?v=decdf4f5:3736
reconcileChildFibersImpl @ react-dom_client.js?v=decdf4f5:3841
(anonymous) @ react-dom_client.js?v=decdf4f5:3868
reconcileChildren @ react-dom_client.js?v=decdf4f5:5385
beginWork @ react-dom_client.js?v=decdf4f5:6199
runWithFiberInDEV @ react-dom_client.js?v=decdf4f5:850
performUnitOfWork @ react-dom_client.js?v=decdf4f5:8428
workLoopSync @ react-dom_client.js?v=decdf4f5:8324
renderRootSync @ react-dom_client.js?v=decdf4f5:8308
performWorkOnRoot @ react-dom_client.js?v=decdf4f5:7956
performWorkOnRootViaSchedulerTask @ react-dom_client.js?v=decdf4f5:9058
performWorkUntilDeadline @ react-dom_client.js?v=decdf4f5:35
<Link>
exports.jsxDEV @ react_jsx-dev-runtime.js?v=decdf4f5:192
(anonymous) @ ViewProducts.tsx:24
(anonymous) @ ViewProducts.tsx:23
react_stack_bottom_frame @ react-dom_client.js?v=decdf4f5:12867
renderWithHooksAgain @ react-dom_client.js?v=decdf4f5:4267
renderWithHooks @ react-dom_client.js?v=decdf4f5:4218
updateFunctionComponent @ react-dom_client.js?v=decdf4f5:5568
beginWork @ react-dom_client.js?v=decdf4f5:6139
runWithFiberInDEV @ react-dom_client.js?v=decdf4f5:850
performUnitOfWork @ react-dom_client.js?v=decdf4f5:8428
workLoopSync @ react-dom_client.js?v=decdf4f5:8324
renderRootSync @ react-dom_client.js?v=decdf4f5:8308
performWorkOnRoot @ react-dom_client.js?v=decdf4f5:7956
performWorkOnRootViaSchedulerTask @ react-dom_client.js?v=decdf4f5:9058
performWorkUntilDeadline @ react-dom_client.js?v=decdf4f5:35
<...>
exports.jsxDEV @ react_jsx-dev-runtime.js?v=decdf4f5:192
(anonymous) @ main.tsx:28
ViewProducts.tsx:24 Encountered two children with the same key, `69da8591b9575e1afc3df467`. Keys should be unique so that components maintain their identity across updates. Non-unique keys may cause children to be duplicated and/or omitted — the behavior is unsupported and could change in a future version.
(anonymous) @ react-dom_client.js?v=decdf4f5:3712
runWithFiberInDEV @ react-dom_client.js?v=decdf4f5:850
warnOnInvalidKey @ react-dom_client.js?v=decdf4f5:3711
reconcileChildrenArray @ react-dom_client.js?v=decdf4f5:3736
reconcileChildFibersImpl @ react-dom_client.js?v=decdf4f5:3841
(anonymous) @ react-dom_client.js?v=decdf4f5:3868
reconcileChildren @ react-dom_client.js?v=decdf4f5:5385
beginWork @ react-dom_client.js?v=decdf4f5:6199
runWithFiberInDEV @ react-dom_client.js?v=decdf4f5:850
performUnitOfWork @ react-dom_client.js?v=decdf4f5:8428
workLoopSync @ react-dom_client.js?v=decdf4f5:8324
renderRootSync @ react-dom_client.js?v=decdf4f5:8308
performWorkOnRoot @ react-dom_client.js?v=decdf4f5:7956
performWorkOnRootViaSchedulerTask @ react-dom_client.js?v=decdf4f5:9058
performWorkUntilDeadline @ react-dom_client.js?v=decdf4f5:35
<Link>
exports.jsxDEV @ react_jsx-dev-runtime.js?v=decdf4f5:192
(anonymous) @ ViewProducts.tsx:24
(anonymous) @ ViewProducts.tsx:23
react_stack_bottom_frame @ react-dom_client.js?v=decdf4f5:12867
renderWithHooksAgain @ react-dom_client.js?v=decdf4f5:4267
renderWithHooks @ react-dom_client.js?v=decdf4f5:4218
updateFunctionComponent @ react-dom_client.js?v=decdf4f5:5568
beginWork @ react-dom_client.js?v=decdf4f5:6139
runWithFiberInDEV @ react-dom_client.js?v=decdf4f5:850
performUnitOfWork @ react-dom_client.js?v=decdf4f5:8428
workLoopSync @ react-dom_client.js?v=decdf4f5:8324
renderRootSync @ react-dom_client.js?v=decdf4f5:8308
performWorkOnRoot @ react-dom_client.js?v=decdf4f5:7956
performWorkOnRootViaSchedulerTask @ react-dom_client.js?v=decdf4f5:9058
performWorkUntilDeadline @ react-dom_client.js?v=decdf4f5:35
<...>
exports.jsxDEV @ react_jsx-dev-runtime.js?v=decdf4f5:192
(anonymous) @ main.tsx:28
ViewProducts.tsx:24 Encountered two children with the same key, `69da8591b9575e1afc3df469`. Keys should be unique so that components maintain their identity across updates. Non-unique keys may cause children to be duplicated and/or omitted — the behavior is unsupported and could change in a future version.